 uix86_new

 Timestamp is 68a5ba30 (Wed Aug 20 20:06:08 2025)

 Preferred load address is 40000000

 Start         Length     Name                   Class
 0001:00000000 0008bb10H .text$mn                CODE
 0001:0008bb10 00000f6dH .text$x                 CODE
 0002:00000000 00000174H .idata$5                DATA
 0002:00000174 0000000cH .00cfg                  DATA
 0002:00000180 00000004H .CRT$XCA                DATA
 0002:00000184 00000004H .CRT$XCZ                DATA
 0002:00000188 00000004H .CRT$XIA                DATA
 0002:0000018c 0000000cH .CRT$XIC                DATA
 0002:00000198 00000004H .CRT$XIZ                DATA
 0002:0000019c 00000004H .CRT$XPA                DATA
 0002:000001a0 00000008H .CRT$XPX                DATA
 0002:000001a8 00000004H .CRT$XPXA               DATA
 0002:000001ac 00000004H .CRT$XPZ                DATA
 0002:000001b0 00000004H .CRT$XTA                DATA
 0002:000001b4 0000000cH .CRT$XTZ                DATA
 0002:000001b8 00000000H .gfids$y                DATA
 0002:000001c0 0001c840H .rdata                  DATA
 0002:0001ca00 00000040H .rdata$CastGuardVftablesA DATA
 0002:0001ca40 00000040H .rdata$CastGuardVftablesC DATA
 0002:0001ca80 000002a0H .rdata$r                DATA
 0002:0001cd20 000001ecH .rdata$sxdata           DATA
 0002:0001cf0c 000000e4H .rdata$voltmd           DATA
 0002:0001cff0 0000038cH .rdata$zzzdbg           DATA
 0002:0001d37c 00000004H .rtc$IAA                DATA
 0002:0001d380 00000004H .rtc$IMZ                DATA
 0002:0001d384 00000004H .rtc$IZZ                DATA
 0002:0001d388 00000004H .rtc$TAA                DATA
 0002:0001d38c 00000004H .rtc$TMZ                DATA
 0002:0001d390 00000008H .rtc$TZZ                DATA
 0002:0001d398 00001b24H .xdata$x                DATA
 0002:0001eebc 00000000H .edata                  DATA
 0002:0001eebc 00000014H .idata$2                DATA
 0002:0001eed0 00000014H .idata$3                DATA
 0002:0001eee4 00000174H .idata$4                DATA
 0002:0001f058 000006b8H .idata$6                DATA
 0003:00000000 00000960H .data                   DATA
 0003:00000960 00000058H .data$r                 DATA
 0003:000009b8 000000b8H .data$rs                DATA
 0003:00000a70 00001254H .bss                    DATA
 0004:00000000 00000080H .fptable                DATA
 0005:00000000 00000060H .rsrc$01                DATA
 0005:00000060 00000180H .rsrc$02                DATA

  Address         Publics by Value              Rva+Base       Lib:Object

 0000:00000000       ___AbsoluteZero            00000000     <absolute>
 0000:00000000       ___arm64x_extra_rfe_table  00000000     <absolute>
 0000:00000000       ___arm64x_extra_rfe_table_size 00000000     <absolute>
 0000:00000000       ___arm64x_native_entrypoint 00000000     <absolute>
 0000:00000000       ___arm64x_redirection_metadata 00000000     <absolute>
 0000:00000000       ___arm64x_redirection_metadata_count 00000000     <absolute>
 0000:00000000       ___dynamic_value_reloc_table 00000000     <absolute>
 0000:00000000       ___enclave_config          00000000     <absolute>
 0000:00000000       ___guard_check_icall_a64n_fptr 00000000     <absolute>
 0000:00000000       ___guard_eh_cont_count     00000000     <absolute>
 0000:00000000       ___guard_eh_cont_table     00000000     <absolute>
 0000:00000000       ___guard_fids_count        00000000     <absolute>
 0000:00000000       ___guard_fids_table        00000000     <absolute>
 0000:00000000       ___guard_iat_count         00000000     <absolute>
 0000:00000000       ___guard_iat_table         00000000     <absolute>
 0000:00000000       ___guard_longjmp_count     00000000     <absolute>
 0000:00000000       ___guard_longjmp_table     00000000     <absolute>
 0000:00000000       ___hybrid_auxiliary_delayload_iat 00000000     <absolute>
 0000:00000000       ___hybrid_auxiliary_delayload_iat_copy 00000000     <absolute>
 0000:00000000       ___hybrid_auxiliary_iat    00000000     <absolute>
 0000:00000000       ___hybrid_auxiliary_iat_copy 00000000     <absolute>
 0000:00000000       ___hybrid_code_map         00000000     <absolute>
 0000:00000000       ___hybrid_code_map_count   00000000     <absolute>
 0000:00000000       ___hybrid_image_info_bitfield 00000000     <absolute>
 0000:00000000       ___x64_code_ranges_to_entry_points 00000000     <absolute>
 0000:00000000       ___x64_code_ranges_to_entry_points_count 00000000     <absolute>
 0000:00000000       __except_list              00000000     <absolute>
 0000:0000007b       ___safe_se_handler_count   0000007b     <absolute>
 0000:00000100       ___guard_flags             00000100     <absolute>
 0000:00000000       ___ImageBase               40000000     <linker-defined>
 0001:00000000       _PASSFLOAT                 40001000 f   ui_syscalls.obj
 0001:00000020       _dllEntry                  40001020 f   ui_syscalls.obj
 0001:00000040       _trap_Argc                 40001040 f   ui_syscalls.obj
 0001:00000080       _trap_Argv                 40001080 f   ui_syscalls.obj
 0001:000000d0       _trap_CIN_DrawCinematic    400010d0 f   ui_syscalls.obj
 0001:00000120       _trap_CIN_PlayCinematic    40001120 f   ui_syscalls.obj
 0001:00000180       _trap_CIN_RunCinematic     40001180 f   ui_syscalls.obj
 0001:000001d0       _trap_CIN_SetExtents       400011d0 f   ui_syscalls.obj
 0001:00000230       _trap_CIN_StopCinematic    40001230 f   ui_syscalls.obj
 0001:00000280       _trap_CM_LerpTag           40001280 f   ui_syscalls.obj
 0001:000002f0       _trap_Cmd_ExecuteText      400012f0 f   ui_syscalls.obj
 0001:00000340       _trap_Cvar_Create          40001340 f   ui_syscalls.obj
 0001:00000390       _trap_Cvar_InfoStringBuffer 40001390 f   ui_syscalls.obj
 0001:000003e0       _trap_Cvar_Register        400013e0 f   ui_syscalls.obj
 0001:00000430       _trap_Cvar_Reset           40001430 f   ui_syscalls.obj
 0001:00000480       _trap_Cvar_Set             40001480 f   ui_syscalls.obj
 0001:000004d0       _trap_Cvar_SetValue        400014d0 f   ui_syscalls.obj
 0001:00000530       _trap_Cvar_Update          40001530 f   ui_syscalls.obj
 0001:00000580       _trap_Cvar_VariableStringBuffer 40001580 f   ui_syscalls.obj
 0001:000005d0       _trap_Cvar_VariableValue   400015d0 f   ui_syscalls.obj
 0001:00000620       _trap_Error                40001620 f   ui_syscalls.obj
 0001:00000670       _trap_FS_FCloseFile        40001670 f   ui_syscalls.obj
 0001:000006c0       _trap_FS_FOpenFile         400016c0 f   ui_syscalls.obj
 0001:00000710       _trap_FS_GetFileList       40001710 f   ui_syscalls.obj
 0001:00000760       _trap_FS_Read              40001760 f   ui_syscalls.obj
 0001:000007b0       _trap_FS_Seek              400017b0 f   ui_syscalls.obj
 0001:00000800       _trap_FS_Write             40001800 f   ui_syscalls.obj
 0001:00000850       _trap_GetCDKey             40001850 f   ui_syscalls.obj
 0001:000008a0       _trap_GetClientState       400018a0 f   ui_syscalls.obj
 0001:000008f0       _trap_GetClipboardData     400018f0 f   ui_syscalls.obj
 0001:00000940       _trap_GetConfigString      40001940 f   ui_syscalls.obj
 0001:00000990       _trap_GetGlconfig          40001990 f   ui_syscalls.obj
 0001:000009e0       _trap_Key_ClearStates      400019e0 f   ui_syscalls.obj
 0001:00000a20       _trap_Key_GetBindingBuf    40001a20 f   ui_syscalls.obj
 0001:00000a70       _trap_Key_GetCatcher       40001a70 f   ui_syscalls.obj
 0001:00000ab0       _trap_Key_GetOverstrikeMode 40001ab0 f   ui_syscalls.obj
 0001:00000af0       _trap_Key_IsDown           40001af0 f   ui_syscalls.obj
 0001:00000b40       _trap_Key_KeynumToStringBuf 40001b40 f   ui_syscalls.obj
 0001:00000b90       _trap_Key_SetBinding       40001b90 f   ui_syscalls.obj
 0001:00000be0       _trap_Key_SetCatcher       40001be0 f   ui_syscalls.obj
 0001:00000c30       _trap_Key_SetOverstrikeMode 40001c30 f   ui_syscalls.obj
 0001:00000c80       _trap_LAN_AddServer        40001c80 f   ui_syscalls.obj
 0001:00000cd0       _trap_LAN_ClearPing        40001cd0 f   ui_syscalls.obj
 0001:00000d20       _trap_LAN_CompareServers   40001d20 f   ui_syscalls.obj
 0001:00000d80       _trap_LAN_GetPing          40001d80 f   ui_syscalls.obj
 0001:00000dd0       _trap_LAN_GetPingInfo      40001dd0 f   ui_syscalls.obj
 0001:00000e20       _trap_LAN_GetPingQueueCount 40001e20 f   ui_syscalls.obj
 0001:00000e60       _trap_LAN_GetServerAddressString 40001e60 f   ui_syscalls.obj
 0001:00000eb0       _trap_LAN_GetServerCount   40001eb0 f   ui_syscalls.obj
 0001:00000f00       _trap_LAN_GetServerInfo    40001f00 f   ui_syscalls.obj
 0001:00000f50       _trap_LAN_GetServerPing    40001f50 f   ui_syscalls.obj
 0001:00000fa0       _trap_LAN_LoadCachedServers 40001fa0 f   ui_syscalls.obj
 0001:00000fe0       _trap_LAN_MarkServerVisible 40001fe0 f   ui_syscalls.obj
 0001:00001030       _trap_LAN_RemoveServer     40002030 f   ui_syscalls.obj
 0001:00001080       _trap_LAN_ResetPings       40002080 f   ui_syscalls.obj
 0001:000010d0       _trap_LAN_SaveCachedServers 400020d0 f   ui_syscalls.obj
 0001:00001110       _trap_LAN_ServerIsVisible  40002110 f   ui_syscalls.obj
 0001:00001160       _trap_LAN_ServerStatus     40002160 f   ui_syscalls.obj
 0001:000011b0       _trap_LAN_UpdateVisiblePings 400021b0 f   ui_syscalls.obj
 0001:00001200       _trap_MemoryRemaining      40002200 f   ui_syscalls.obj
 0001:00001240       _trap_Milliseconds         40002240 f   ui_syscalls.obj
 0001:00001280       _trap_PC_AddGlobalDefine   40002280 f   ui_syscalls.obj
 0001:000012d0       _trap_PC_FreeSource        400022d0 f   ui_syscalls.obj
 0001:00001320       _trap_PC_LoadSource        40002320 f   ui_syscalls.obj
 0001:00001370       _trap_PC_ReadToken         40002370 f   ui_syscalls.obj
 0001:000013c0       _trap_PC_SourceFileAndLine 400023c0 f   ui_syscalls.obj
 0001:00001410       _trap_Print                40002410 f   ui_syscalls.obj
 0001:00001460       _trap_R_AddLightToScene    40002460 f   ui_syscalls.obj
 0001:00001500       _trap_R_AddPolyToScene     40002500 f   ui_syscalls.obj
 0001:00001550       _trap_R_AddRefEntityToScene 40002550 f   ui_syscalls.obj
 0001:000015a0       _trap_R_ClearScene         400025a0 f   ui_syscalls.obj
 0001:000015e0       _trap_R_DrawStretchPic     400025e0 f   ui_syscalls.obj
 0001:000016d0       _trap_R_ModelBounds        400026d0 f   ui_syscalls.obj
 0001:00001720       _trap_R_RegisterFont       40002720 f   ui_syscalls.obj
 0001:00001770       _trap_R_RegisterModel      40002770 f   ui_syscalls.obj
 0001:000017c0       _trap_R_RegisterShaderNoMip 400027c0 f   ui_syscalls.obj
 0001:00001810       _trap_R_RegisterSkin       40002810 f   ui_syscalls.obj
 0001:00001860       _trap_R_RemapShader        40002860 f   ui_syscalls.obj
 0001:000018b0       _trap_R_RenderScene        400028b0 f   ui_syscalls.obj
 0001:00001900       _trap_R_SetColor           40002900 f   ui_syscalls.obj
 0001:00001950       _trap_RealTime             40002950 f   ui_syscalls.obj
 0001:000019a0       _trap_S_RegisterSound      400029a0 f   ui_syscalls.obj
 0001:000019f0       _trap_S_StartBackgroundTrack 400029f0 f   ui_syscalls.obj
 0001:00001a40       _trap_S_StartLocalSound    40002a40 f   ui_syscalls.obj
 0001:00001a90       _trap_S_StopBackgroundTrack 40002a90 f   ui_syscalls.obj
 0001:00001ad0       _trap_SetCDKey             40002ad0 f   ui_syscalls.obj
 0001:00001b20       _trap_SetPbClStatus        40002b20 f   ui_syscalls.obj
 0001:00001b70       _trap_UpdateScreen         40002b70 f   ui_syscalls.obj
 0001:00001bb0       _trap_VerifyCDKey          40002bb0 f   ui_syscalls.obj
 0001:00001c00       @_RTC_AllocaHelper@12      40002c00 f   LIBCMTD:stack.obj
 0001:00001c40       @_RTC_CheckStackVars2@12   40002c40 f   LIBCMTD:stack.obj
 0001:00001d20       @_RTC_CheckStackVars@8     40002d20 f   LIBCMTD:stack.obj
 0001:00001d80       __RTC_CheckEsp             40002d80 f   LIBCMTD:stack.obj
 0001:00001db0       __CRT_RTC_INIT             40002db0 f   LIBCMTD:init.obj
 0001:00001dc0       __CRT_RTC_INITW            40002dc0 f   LIBCMTD:init.obj
 0001:00001dd0       __RTC_InitBase             40002dd0 f   LIBCMTD:init.obj
 0001:00001e00       __RTC_Shutdown             40002e00 f   LIBCMTD:init.obj
 0001:000022f0       __CRT_INIT@12              400032f0 f   LIBCMTD:dll_dllmain.obj
 0001:00002310       __DllMainCRTStartup@12     40003310 f   LIBCMTD:dll_dllmain.obj
 0001:000023d0       ?_RTC_AllocaFailure@@YAXPAXPAU_RTC_ALLOCA_NODE@@H@Z 400033d0 f   LIBCMTD:error.obj
 0001:000024c0       ?_RTC_Failure@@YAXPAXH@Z   400034c0 f   LIBCMTD:error.obj
 0001:00002510       ?_RTC_StackFailure@@YAXPAXPBD@Z 40003510 f   LIBCMTD:error.obj
 0001:00002910       __RTC_UninitUse            40003910 f   LIBCMTD:error.obj
 0001:000029c0       ___local_stdio_printf_options 400039c0 f i LIBCMTD:error.obj
 0001:000029d0       __vsprintf_s_l             400039d0 f i LIBCMTD:error.obj
 0001:00002a00       _sprintf_s                 40003a00 f i LIBCMTD:error.obj
 0001:00002a20       ?_RTC_GetErrorFunc@@YAP6AHHPBDH00ZZPBX@Z 40003a20 f   LIBCMTD:userapi.obj
 0001:00002a30       ?_RTC_GetErrorFuncW@@YAP6AHHPB_WH00ZZPBX@Z 40003a30 f   LIBCMTD:userapi.obj
 0001:00002a40       __RTC_GetErrDesc           40003a40 f   LIBCMTD:userapi.obj
 0001:00002a60       __RTC_NumErrors            40003a60 f   LIBCMTD:userapi.obj
 0001:00002a70       __RTC_SetErrorFunc         40003a70 f   LIBCMTD:userapi.obj
 0001:00002a90       __RTC_SetErrorFuncW        40003a90 f   LIBCMTD:userapi.obj
 0001:00002ab0       __RTC_SetErrorType         40003ab0 f   LIBCMTD:userapi.obj
 0001:00002b50       ___security_init_cookie    40003b50 f   LIBCMTD:gs_support.obj
 0001:00002bd0       _DllMain@12                40003bd0 f   LIBCMTD:dll_dllmain_stub.obj
 0001:00002be0       ?__scrt_initialize_type_info@@YAXXZ 40003be0 f   LIBCMTD:tncleanup.obj
 0001:00002c00       ?__scrt_uninitialize_type_info@@YAXXZ 40003c00 f   LIBCMTD:tncleanup.obj
 0001:00002c20       ___local_stdio_scanf_options 40003c20 f i LIBCMTD:default_local_stdio_options.obj
 0001:00002c30       ___scrt_initialize_default_local_stdio_options 40003c30 f   LIBCMTD:default_local_stdio_options.obj
 0001:00002c70       ?configure_argv@__scrt_narrow_argv_policy@@SAHXZ 40003c70 f i LIBCMTD:utility.obj
 0001:00002d20       ?initialize_environment@__scrt_narrow_environment_policy@@SAHXZ 40003d20 f i LIBCMTD:utility.obj
 0001:00002da0       _NtCurrentTeb              40003da0 f i LIBCMTD:utility.obj
 0001:00002db0       ___scrt_acquire_startup_lock 40003db0 f   LIBCMTD:utility.obj
 0001:00002e00       ___scrt_dllmain_after_initialize_c 40003e00 f   LIBCMTD:utility.obj
 0001:00002e30       ___scrt_dllmain_before_initialize_c 40003e30 f   LIBCMTD:utility.obj
 0001:00002e50       ___scrt_dllmain_crt_thread_attach 40003e50 f   LIBCMTD:utility.obj
 0001:00002e80       ___scrt_dllmain_crt_thread_detach 40003e80 f   LIBCMTD:utility.obj
 0001:00002ea0       ___scrt_dllmain_exception_filter 40003ea0 f   LIBCMTD:utility.obj
 0001:00002ef0       ___scrt_dllmain_uninitialize_c 40003ef0 f   LIBCMTD:utility.obj
 0001:00002f20       ___scrt_dllmain_uninitialize_critical 40003f20 f   LIBCMTD:utility.obj
 0001:00002f40       ___scrt_initialize_crt     40003f40 f   LIBCMTD:utility.obj
 0001:00002f90       ___scrt_initialize_onexit_tables 40003f90 f   LIBCMTD:utility.obj
 0001:00003070       ___scrt_is_nonwritable_in_current_image 40004070 f   LIBCMTD:utility.obj
 0001:000031a0       ___scrt_release_startup_lock 400041a0 f   LIBCMTD:utility.obj
 0001:000031d0       ___scrt_uninitialize_crt   400041d0 f   LIBCMTD:utility.obj
 0001:00003210       __onexit                   40004210 f   LIBCMTD:utility.obj
 0001:00003280       _at_quick_exit             40004280 f   LIBCMTD:utility.obj
 0001:000032c0       _atexit                    400042c0 f   LIBCMTD:utility.obj
 0001:000032f0       ___scrt_get_dyn_tls_init_callback 400042f0 f   LIBCMTD:dyn_tls_init.obj
 0001:00003300       ___scrt_fastfail           40004300 f   LIBCMTD:utility_desktop.obj
 0001:00003440       ___scrt_get_show_window_mode 40004440 f   LIBCMTD:utility_desktop.obj
 0001:00003480       ___scrt_initialize_mta     40004480 f   LIBCMTD:utility_desktop.obj
 0001:00003490       ___scrt_initialize_winrt   40004490 f   LIBCMTD:utility_desktop.obj
 0001:000034a0       ___scrt_is_managed_app     400044a0 f   LIBCMTD:utility_desktop.obj
 0001:00003530       ___scrt_set_unhandled_exception_filter 40004530 f   LIBCMTD:utility_desktop.obj
 0001:00003550       ___scrt_exe_initialize_mta 40004550 f   LIBCMTD:utility_desktop.obj
 0001:00003550       ___scrt_stub_for_initialize_mta 40004550 f   LIBCMTD:utility_desktop.obj
 0001:00003560       ___scrt_unhandled_exception_filter@4 40004560 f   LIBCMTD:utility_desktop.obj
 0001:000035e0       __crt_debugger_hook        400045e0 f   LIBCMTD:utility_desktop.obj
 0001:000035f0       __RTC_Initialize           400045f0 f   LIBCMTD:initsect.obj
 0001:00003620       __RTC_Terminate            40004620 f   LIBCMTD:initsect.obj
 0001:00003650       @_guard_check_icall_nop@4  40004650 f i LIBCMTD:guard_support.obj
 0001:00003660       _ReadNoFence               40004660 f i LIBCMTD:guard_support.obj
 0001:00003680       _ReadPointerNoFence        40004680 f i LIBCMTD:guard_support.obj
 0001:000036a0       __InlineInterlockedExchangePointer 400046a0 f i LIBCMTD:guard_support.obj
 0001:000036b0       ___castguard_check_failure_debugbreak 400046b0 f i LIBCMTD:guard_support.obj
 0001:000036d0       ___castguard_check_failure_fastfail 400046d0 f i LIBCMTD:guard_support.obj
 0001:000036f0       ___castguard_check_failure_nop 400046f0 f i LIBCMTD:guard_support.obj
 0001:00003700       ___castguard_check_failure_os_handled 40004700 f i LIBCMTD:guard_support.obj
 0001:00003760       ___castguard_check_failure_user_handled 40004760 f i LIBCMTD:guard_support.obj
 0001:00003810       ___castguard_set_user_handler 40004810 f i LIBCMTD:guard_support.obj
 0001:00003830       ___castguard_slow_path_check_debugbreak 40004830 f i LIBCMTD:guard_support.obj
 0001:00003860       ___castguard_slow_path_check_fastfail 40004860 f i LIBCMTD:guard_support.obj
 0001:000038a0       ___castguard_slow_path_check_nop 400048a0 f i LIBCMTD:guard_support.obj
 0001:000038b0       ___castguard_slow_path_check_os_handled 400048b0 f i LIBCMTD:guard_support.obj
 0001:000038f0       ___castguard_slow_path_check_user_handled 400048f0 f i LIBCMTD:guard_support.obj
 0001:00003970       __guard_icall_checks_enforced 40004970 f i LIBCMTD:guard_support.obj
 0001:00003df0       ?_RTC_GetSrcLine@@YAHPAEPA_WKPAH1K@Z 40004df0 f   LIBCMTD:pdblkup.obj
 0001:00004170       @__security_check_cookie@4 40005170 f   LIBCMTD:secchk.obj
 0001:00004180       __except_handler4_noexcept 40005180 f   LIBCMTD:chandler4_noexcept.obj
 0001:000041e0       ___isa_available_init      400051e0 f   LIBCMTD:cpu_disp.obj
 0001:00004680       __get_startup_argv_mode    40005680 f   LIBCMTD:argv_mode.obj
 0001:00004690       ___scrt_is_ucrt_dll_in_use 40005690 f   LIBCMTD:ucrt_detection.obj
 0001:000046c0       ___raise_securityfailure   400056c0 f   LIBCMTD:gs_report.obj
 0001:000046f0       ___report_gsfailure        400056f0 f   LIBCMTD:gs_report.obj
 0001:00004800       ___report_rangecheckfailure 40005800 f   LIBCMTD:gs_report.obj
 0001:00004810       ___report_securityfailure  40005810 f   LIBCMTD:gs_report.obj
 0001:000048f0       ___report_securityfailureEx 400058f0 f   LIBCMTD:gs_report.obj
 0001:00004a80       __except_handler4          40005a80 f   libvcruntimed:chandler4.obj
 0001:00004cb0       ??$?RD@__crt_internal_free_policy@@QBEXQBD@Z 40005cb0 f i libvcruntimed:std_type_info.obj
 0001:00004cd0       ??$?RX@__crt_internal_free_policy@@QBEXQBX@Z 40005cd0 f i libvcruntimed:std_type_info.obj
 0001:00004cf0       ??$__crt_interlocked_compare_exchange_pointer@$$CBDPAD$$T@@YAPBDPDSBDQAD$$T@Z 40005cf0 f i libvcruntimed:std_type_info.obj
 0001:00004d10       ??$__crt_interlocked_read_pointer@$$CBD@@YAPBDPDSBD@Z 40005d10 f i libvcruntimed:std_type_info.obj
 0001:00004d30       ??0?$__crt_unique_heap_ptr@DU__crt_internal_free_policy@@@@QAE@QAD@Z 40005d30 f i libvcruntimed:std_type_info.obj
 0001:00004d50       ??0?$__crt_unique_heap_ptr@XU__crt_internal_free_policy@@@@QAE@QAX@Z 40005d50 f i libvcruntimed:std_type_info.obj
 0001:00004d70       ??1?$__crt_unique_heap_ptr@DU__crt_internal_free_policy@@@@QAE@XZ 40005d70 f i libvcruntimed:std_type_info.obj
 0001:00004d90       ??1?$__crt_unique_heap_ptr@XU__crt_internal_free_policy@@@@QAE@XZ 40005d90 f i libvcruntimed:std_type_info.obj
 0001:00004db0       ??B?$__crt_unique_heap_ptr@DU__crt_internal_free_policy@@@@QBE_NXZ 40005db0 f i libvcruntimed:std_type_info.obj
 0001:00004dd0       ??B?$__crt_unique_heap_ptr@XU__crt_internal_free_policy@@@@QBE_NXZ 40005dd0 f i libvcruntimed:std_type_info.obj
 0001:00004e40       ?__crt_interlocked_read_32@@YAHPDH@Z 40005e40 f i libvcruntimed:std_type_info.obj
 0001:00004e60       ?detach@?$__crt_unique_heap_ptr@XU__crt_internal_free_policy@@@@QAEPAXXZ 40005e60 f i libvcruntimed:std_type_info.obj
 0001:00004e90       ?get@?$__crt_unique_heap_ptr@DU__crt_internal_free_policy@@@@QBEPADXZ 40005e90 f i libvcruntimed:std_type_info.obj
 0001:00004ea0       ?get@?$__crt_unique_heap_ptr@XU__crt_internal_free_policy@@@@QBEPAXXZ 40005ea0 f i libvcruntimed:std_type_info.obj
 0001:00004eb0       ?is_valid@?$__crt_unique_heap_ptr@DU__crt_internal_free_policy@@@@QBE_NXZ 40005eb0 f i libvcruntimed:std_type_info.obj
 0001:00004ee0       ?is_valid@?$__crt_unique_heap_ptr@XU__crt_internal_free_policy@@@@QBE_NXZ 40005ee0 f i libvcruntimed:std_type_info.obj
 0001:00004f10       ?release@?$__crt_unique_heap_ptr@DU__crt_internal_free_policy@@@@QAEXXZ 40005f10 f i libvcruntimed:std_type_info.obj
 0001:00004f40       ?release@?$__crt_unique_heap_ptr@XU__crt_internal_free_policy@@@@QAEXXZ 40005f40 f i libvcruntimed:std_type_info.obj
 0001:00004f70       ___std_type_info_compare   40005f70 f   libvcruntimed:std_type_info.obj
 0001:00004fa0       ___std_type_info_destroy_list 40005fa0 f   libvcruntimed:std_type_info.obj
 0001:00004fe0       ___std_type_info_hash      40005fe0 f   libvcruntimed:std_type_info.obj
 0001:00005040       ___std_type_info_name      40006040 f   libvcruntimed:std_type_info.obj
 0001:00005210       ___vcrt_initialize         40006210 f   libvcruntimed:initialization.obj
 0001:00005250       ___vcrt_thread_attach      40006250 f   libvcruntimed:initialization.obj
 0001:00005270       ___vcrt_thread_detach      40006270 f   libvcruntimed:initialization.obj
 0001:00005280       ___vcrt_uninitialize       40006280 f   libvcruntimed:initialization.obj
 0001:000052a0       ___vcrt_uninitialize_critical 400062a0 f   libvcruntimed:initialization.obj
 0001:000052c0       ___DestructExceptionObject 400062c0 f   libvcruntimed:ehhelpers.obj
 0001:000053e0       ?_CallMemberFunction0@@YGXQAX0@Z 400063e0 f i libvcruntimed:ehhelpers.obj
 0001:00005480       ?raw_name@type_info@@QBEPBDXZ 40006480 f i libvcruntimed:ehhelpers.obj
 0001:000054a0       __IsExceptionObjectToBeDestroyed 400064a0 f   libvcruntimed:ehhelpers.obj
 0001:000054e0       __SetWinRTOutOfMemoryExceptionCallback 400064e0 f   libvcruntimed:ehhelpers.obj
 0001:000054f0       ___AdjustPointer           400064f0 f   libvcruntimed:ehhelpers.obj
 0001:00005540       ___FrameUnwindFilter       40006540 f   libvcruntimed:ehhelpers.obj
 0001:000055d0       ___GetPlatformExceptionInfo 400065d0 f   libvcruntimed:ehhelpers.obj
 0001:00005650       ___current_exception       40006650 f   libvcruntimed:ehhelpers.obj
 0001:00005660       ___current_exception_context 40006660 f   libvcruntimed:ehhelpers.obj
 0001:00005670       ___processing_throw        40006670 f   libvcruntimed:ehhelpers.obj
 0001:00005680       ___std_terminate           40006680 f   libvcruntimed:ehhelpers.obj
 0001:00005690       __is_exception_typeof      40006690 f   libvcruntimed:ehhelpers.obj
 0001:00005770       _memset                    40006770 f   libvcruntimed:memset.obj
 0001:000058d0       ___vcrt_GetModuleFileNameW 400068d0 f   libvcruntimed:winapi_thunks.obj
 0001:000058f0       ___vcrt_GetModuleHandleW   400068f0 f   libvcruntimed:winapi_thunks.obj
 0001:00005900       ___vcrt_LoadLibraryExW     40006900 f   libvcruntimed:winapi_thunks.obj
 0001:00005920       __local_unwind4            40006920 f   libvcruntimed:exsup4.obj
 0001:00005a10       __seh_longjmp_unwind4@4    40006a10 f   libvcruntimed:exsup4.obj
 0001:00005a40       @_EH4_CallFilterFunc@8     40006a40 f   libvcruntimed:exsup4.obj
 0001:00005a60       @_EH4_TransferToHandler@8  40006a60 f   libvcruntimed:exsup4.obj
 0001:00005a80       @_EH4_GlobalUnwind2@8      40006a80 f   libvcruntimed:exsup4.obj
 0001:00005aa0       @_EH4_LocalUnwind@16       40006aa0 f   libvcruntimed:exsup4.obj
 0001:00005ad0       ___except_validate_context_record 40006ad0 f   libvcruntimed:jbcxrval.obj
 0001:00005b20       ___except_validate_jump_buffer 40006b20 f   libvcruntimed:jbcxrval.obj
 0001:00005b40       ___except_validate_jump_buffer_common 40006b40 f i libvcruntimed:jbcxrval.obj
 0001:00005ba0       ??$?0$00@DName@@QAE@PAVUnDecorator@@PBDU?$StringLifeSelector@$00@@@Z 40006ba0 f i libvcruntimed:undname.obj
 0001:00005c00       ??$?0$00@pcharNode@@QAE@PBDHU?$StringLifeSelector@$00@@AAV_HeapManager@@@Z 40006c00 f i libvcruntimed:undname.obj
 0001:00005c40       ??$?0$01@DName@@QAE@PAVUnDecorator@@PBDU?$StringLifeSelector@$01@@@Z 40006c40 f i libvcruntimed:undname.obj
 0001:00005ca0       ??$?0$01@pcharNode@@QAE@PBDHU?$StringLifeSelector@$01@@AAV_HeapManager@@@Z 40006ca0 f i libvcruntimed:undname.obj
 0001:00005d20       ??$?0$0A@@DName@@QAE@PAVUnDecorator@@PBDU?$StringLifeSelector@$0A@@@@Z 40006d20 f i libvcruntimed:undname.obj
 0001:00005d80       ??$?0$0A@@pcharNode@@QAE@PBDHU?$StringLifeSelector@$0A@@@AAV_HeapManager@@@Z 40006d80 f i libvcruntimed:undname.obj
 0001:00005e00       ??$?0_K$0A@@?$optional@_K@std@@QAE@$$QA_K@Z 40006e00 f i libvcruntimed:undname.obj
 0001:00005e30       ??$?0_K@?$_Optional_construct_base@_K@std@@QAE@Uin_place_t@1@$$QA_K@Z 40006e30 f i libvcruntimed:undname.obj
 0001:00005e60       ??$?0_K@?$_Optional_destruct_base@_K$00@std@@QAE@Uin_place_t@1@$$QA_K@Z 40006e60 f i libvcruntimed:undname.obj
 0001:00005e90       ??$append@VDNameNode@@@DName@@AAEXPBVDNameNode@@@Z 40006e90 f i libvcruntimed:undname.obj
 0001:00005f20       ??$append@VDNameStatusNode@@@DName@@AAEXPBVDNameStatusNode@@@Z 40006f20 f i libvcruntimed:undname.obj
 0001:00005fb0       ??$append@VcharNode@@@DName@@AAEXPBVcharNode@@@Z 40006fb0 f i libvcruntimed:undname.obj
 0001:00006040       ??$append@VpDNameNode@@@DName@@AAEXPBVpDNameNode@@@Z 40007040 f i libvcruntimed:undname.obj
 0001:000060d0       ??$append@VpcharNode@@@DName@@AAEXPBVpcharNode@@@Z 400070d0 f i libvcruntimed:undname.obj
 0001:00006160       ??$doPchar@$00@DName@@AAEXPBDH@Z 40007160 f i libvcruntimed:undname.obj
 0001:000062a0       ??$doPchar@$01@DName@@AAEXPBDH@Z 400072a0 f i libvcruntimed:undname.obj
 0001:000063e0       ??$doPchar@$0A@@DName@@AAEXPBDH@Z 400073e0 f i libvcruntimed:undname.obj
 0001:00006660       ??0?$_Optional_construct_base@_K@std@@QAE@XZ 40007660 f i libvcruntimed:undname.obj
 0001:00006680       ??0?$_Optional_destruct_base@_K$00@std@@QAE@XZ 40007680 f i libvcruntimed:undname.obj
 0001:000066a0       ??0?$optional@_K@std@@QAE@XZ 400076a0 f i libvcruntimed:undname.obj
 0001:000066c0       ??0Block@_HeapManager@@QAE@XZ 400076c0 f i libvcruntimed:undname.obj
 0001:000066e0       ??0DName@@QAE@ABV0@@Z      400076e0 f i libvcruntimed:undname.obj
 0001:00006720       ??0DName@@QAE@PAVUnDecorator@@@Z 40007720 f i libvcruntimed:undname.obj
 0001:00006750       ??0DName@@QAE@PAVUnDecorator@@AAPBDD@Z 40007750 f   libvcruntimed:undname.obj
 0001:000068d0       ??0DName@@QAE@PAVUnDecorator@@ABUStringLiteral@@@Z 400078d0 f   libvcruntimed:undname.obj
 0001:00006920       ??0DName@@QAE@PAVUnDecorator@@D@Z 40007920 f   libvcruntimed:undname.obj
 0001:00006960       ??0DName@@QAE@PAVUnDecorator@@PAV0@@Z 40007960 f   libvcruntimed:undname.obj
 0001:00006a20       ??0DName@@QAE@PAVUnDecorator@@W4DNameStatus@@@Z 40007a20 f   libvcruntimed:undname.obj
 0001:00006ac0       ??0DName@@QAE@PAVUnDecorator@@_J@Z 40007ac0 f   libvcruntimed:undname.obj
 0001:00006bb0       ??0DName@@QAE@PAVUnDecorator@@_K@Z 40007bb0 f   libvcruntimed:undname.obj
 0001:00006c60       ??0DNameNode@@IAE@XZ       40007c60 f i libvcruntimed:undname.obj
 0001:00006c80       ??0Replicator@@QAE@PAVUnDecorator@@@Z 40007c80 f i libvcruntimed:undname.obj
 0001:00006d00       ??0UnDecorator@@QAE@PBDP6APADJ@ZKP6APAXI@ZP6AXPAX@Z@Z 40007d00 f i libvcruntimed:undname.obj
 0001:00006e30       ??0_HeapManager@@QAE@P6APAXI@ZP6AXPAX@Z@Z 40007e30 f i libvcruntimed:undname.obj
 0001:00006e70       ??0_Nontrivial_dummy_type@std@@QAE@XZ 40007e70 f i libvcruntimed:undname.obj
 0001:00006e80       ??0charNode@@QAE@D@Z       40007e80 f i libvcruntimed:undname.obj
 0001:00006eb0       ??0pDNameNode@@QAE@PAVDName@@@Z 40007eb0 f   libvcruntimed:undname.obj
 0001:00006f10       ??0pairNode@@QAE@PBVDNameNode@@0@Z 40007f10 f i libvcruntimed:undname.obj
 0001:00006f70       ??2@YAPAXIAAV_HeapManager@@H@Z 40007f70 f   libvcruntimed:undname.obj
 0001:00006fb0       ??4DName@@QAEAAV0@ABUStringLiteral@@@Z 40007fb0 f   libvcruntimed:undname.obj
 0001:00006ff0       ??4DName@@QAEAAV0@ABV0@@Z  40007ff0 f   libvcruntimed:undname.obj
 0001:00007020       ??4DName@@QAEAAV0@D@Z      40008020 f i libvcruntimed:undname.obj
 0001:00007050       ??4DName@@QAEAAV0@PAV0@@Z  40008050 f   libvcruntimed:undname.obj
 0001:000070f0       ??4DName@@QAEAAV0@W4DNameStatus@@@Z 400080f0 f   libvcruntimed:undname.obj
 0001:00007170       ??AReplicator@@QBE?AVDName@@H@Z 40008170 f   libvcruntimed:undname.obj
 0001:000071f0       ??B?$optional@_K@std@@QBE_NXZ 400081f0 f i libvcruntimed:undname.obj
 0001:00007210       ??D?$_Optional_construct_base@_K@std@@QGAEAA_KXZ 40008210 f i libvcruntimed:undname.obj
 0001:00007260       ??H@YA?AVDName@@ABUStringLiteral@@ABV0@@Z 40008260 f i libvcruntimed:undname.obj
 0001:000072a0       ??H@YA?AVDName@@DABV0@@Z   400082a0 f i libvcruntimed:undname.obj
 0001:000072e0       ??H@YA?AVDName@@W4DNameStatus@@ABV0@@Z 400082e0 f i libvcruntimed:undname.obj
 0001:00007320       ??HDName@@QBE?AV0@ABUStringLiteral@@@Z 40008320 f   libvcruntimed:undname.obj
 0001:00007350       ??HDName@@QBE?AV0@ABV0@@Z  40008350 f   libvcruntimed:undname.obj
 0001:00007380       ??HDName@@QBE?AV0@D@Z      40008380 f   libvcruntimed:undname.obj
 0001:000073b0       ??HDName@@QBE?AV0@PAV0@@Z  400083b0 f   libvcruntimed:undname.obj
 0001:000073e0       ??HDName@@QBE?AV0@W4DNameStatus@@@Z 400083e0 f   libvcruntimed:undname.obj
 0001:00007410       ??HStringLiteral@@QBE?AU0@H@Z 40008410 f i libvcruntimed:undname.obj
 0001:00007440       ??YDName@@QAEAAV0@ABUStringLiteral@@@Z 40008440 f   libvcruntimed:undname.obj
 0001:00007510       ??YDName@@QAEAAV0@ABV0@@Z  40008510 f   libvcruntimed:undname.obj
 0001:000075b0       ??YDName@@QAEAAV0@D@Z      400085b0 f   libvcruntimed:undname.obj
 0001:00007640       ??YDName@@QAEAAV0@PAV0@@Z  40008640 f   libvcruntimed:undname.obj
 0001:00007700       ??YDName@@QAEAAV0@W4DNameStatus@@@Z 40008700 f   libvcruntimed:undname.obj
 0001:00007770       ??YReplicator@@QAEAAV0@ABVDName@@@Z 40008770 f   libvcruntimed:undname.obj
 0001:00007800       ??_5DName@@QAEAAV0@ABV0@@Z 40008800 f   libvcruntimed:undname.obj
 0001:00007860       ??__K_l@@YA?AUStringLiteral@@PBDI@Z 40008860 f i libvcruntimed:undname.obj
 0001:00007880       ?Destructor@UnDecorator@@QAEXXZ 40008880 f i libvcruntimed:undname.obj
 0001:000078a0       ?Destructor@_HeapManager@@QAEXXZ 400088a0 f i libvcruntimed:undname.obj
 0001:00007910       ?UScore@UnDecorator@@QAE?AUStringLiteral@@W4Tokens@@@Z 40008910 f   libvcruntimed:undname.obj
 0001:00007970       ?composeDeclaration@UnDecorator@@AAE?AVDName@@ABV2@@Z 40008970 f i libvcruntimed:undname.obj
 0001:000099c0       ?doAccessSpecifiers@UnDecorator@@QAEHXZ 4000a9c0 f i libvcruntimed:undname.obj
 0001:00009a00       ?doAllocationLanguage@UnDecorator@@QAEHXZ 4000aa00 f i libvcruntimed:undname.obj
 0001:00009a30       ?doAllocationModel@UnDecorator@@QAEHXZ 4000aa30 f i libvcruntimed:undname.obj
 0001:00009a60       ?doEcsu@UnDecorator@@QAEHXZ 4000aa60 f i libvcruntimed:undname.obj
 0001:00009aa0       ?doEllipsis@UnDecorator@@QAEHXZ 4000aaa0 f i libvcruntimed:undname.obj
 0001:00009ae0       ?doFunctionReturns@UnDecorator@@QAEHXZ 4000aae0 f i libvcruntimed:undname.obj
 0001:00009b10       ?doMSKeywords@UnDecorator@@QAEHXZ 4000ab10 f i libvcruntimed:undname.obj
 0001:00009b40       ?doMemberTypes@UnDecorator@@QAEHXZ 4000ab40 f i libvcruntimed:undname.obj
 0001:00009b80       ?doNameOnly@UnDecorator@@QAEHXZ 4000ab80 f i libvcruntimed:undname.obj
 0001:00009ba0       ?doNoIdentCharCheck@UnDecorator@@QAEHXZ 4000aba0 f i libvcruntimed:undname.obj
 0001:00009bc0       ?doPchar@DName@@AAEXD@Z    4000abc0 f   libvcruntimed:undname.obj
 0001:00009c40       ?doPtr64@UnDecorator@@QAEHXZ 4000ac40 f i libvcruntimed:undname.obj
 0001:00009c80       ?doRestrictionSpec@UnDecorator@@QAEHXZ 4000ac80 f i libvcruntimed:undname.obj
 0001:00009cc0       ?doThisTypes@UnDecorator@@QAEHXZ 4000acc0 f i libvcruntimed:undname.obj
 0001:00009d00       ?doThrowTypes@UnDecorator@@QAEHXZ 4000ad00 f i libvcruntimed:undname.obj
 0001:00009d40       ?doTypeOnly@UnDecorator@@QAEHXZ 4000ad40 f i libvcruntimed:undname.obj
 0001:00009d60       ?doUnderScore@UnDecorator@@QAEHXZ 4000ad60 f i libvcruntimed:undname.obj
 0001:00009d90       ?getAddressOf@UnDecorator@@AAE?AVDName@@XZ 4000ad90 f   libvcruntimed:undname.obj
 0001:00009e30       ?getArgumentList@UnDecorator@@AAE?AVDName@@XZ 4000ae30 f   libvcruntimed:undname.obj
 0001:00009fb0       ?getArgumentTypes@UnDecorator@@AAE?AVDName@@XZ 4000afb0 f   libvcruntimed:undname.obj
 0001:0000a190       ?getArrayAccess@UnDecorator@@AAE?AVDName@@XZ 4000b190 f   libvcruntimed:undname.obj
 0001:0000a240       ?getArrayObject@UnDecorator@@AAE?AVDName@@XZ 4000b240 f   libvcruntimed:undname.obj
 0001:0000a360       ?getArrayType@UnDecorator@@AAE?AVDName@@ABV2@@Z 4000b360 f i libvcruntimed:undname.obj
 0001:0000a630       ?getBasedType@UnDecorator@@AAE?AVDName@@XZ 4000b630 f   libvcruntimed:undname.obj
 0001:0000a760       ?getBasicDataType@UnDecorator@@AAE?AVDName@@ABV2@@Z 4000b760 f   libvcruntimed:undname.obj
 0001:0000b200       ?getCHPEName@UnDecorator@@QAEPADPADH@Z 4000c200 f i libvcruntimed:undname.obj
 0001:0000b390       ?getCallIndex@UnDecorator@@AAE?AVDName@@XZ 4000c390 f i libvcruntimed:undname.obj
 0001:0000b3b0       ?getCallingConvention@UnDecorator@@AAE?AVDName@@XZ 4000c3b0 f   libvcruntimed:undname.obj
 0001:0000b5e0       ?getDataIndirectType@UnDecorator@@AAE?AVDName@@ABV2@W4IndirectionKind@@0H@Z 4000c5e0 f   libvcruntimed:undname.obj
 0001:0000bf80       ?getDataIndirectType@UnDecorator@@AAE?AVDName@@XZ 4000cf80 f i libvcruntimed:undname.obj
 0001:0000bfd0       ?getDataType@UnDecorator@@AAE?AVDName@@PAV2@@Z 4000cfd0 f   libvcruntimed:undname.obj
 0001:0000c110       ?getDecoratedName@UnDecorator@@AAE?AVDName@@XZ 4000d110 f   libvcruntimed:undname.obj
 0001:0000c5b0       ?getDimension@UnDecorator@@AAE?AVDName@@_N@Z 4000d5b0 f   libvcruntimed:undname.obj
 0001:0000c820       ?getDispatchTarget@UnDecorator@@AAE?AVDName@@XZ 4000d820 f   libvcruntimed:undname.obj
 0001:0000c8d0       ?getDisplacement@UnDecorator@@AAE?AVDName@@XZ 4000d8d0 f i libvcruntimed:undname.obj
 0001:0000c8f0       ?getECSUDataType@UnDecorator@@AAE?AVDName@@XZ 4000d8f0 f   libvcruntimed:undname.obj
 0001:0000cc10       ?getECSUName@UnDecorator@@AAE?AVDName@@XZ 4000dc10 f i libvcruntimed:undname.obj
 0001:0000cc30       ?getEnumType@UnDecorator@@AAE?AVDName@@XZ 4000dc30 f i libvcruntimed:undname.obj
 0001:0000ce00       ?getExtendedDataIndirectType@UnDecorator@@AAE?AVDName@@AAW4IndirectionKind@@AA_NH@Z 4000de00 f   libvcruntimed:undname.obj
 0001:0000d0c0       ?getExternalDataType@UnDecorator@@AAE?AVDName@@ABV2@@Z 4000e0c0 f i libvcruntimed:undname.obj
 0001:0000d160       ?getFloatingPoint@UnDecorator@@AAE?AVDName@@H@Z 4000e160 f   libvcruntimed:undname.obj
 0001:0000d2c0       ?getFunctionIndirectType@UnDecorator@@AAE?AVDName@@ABV2@@Z 4000e2c0 f   libvcruntimed:undname.obj
 0001:0000d800       ?getGuardNumber@UnDecorator@@AAE?AVDName@@XZ 4000e800 f i libvcruntimed:undname.obj
 0001:0000d820       ?getHeap@UnDecorator@@QAEAAV_HeapManager@@XZ 4000e820 f i libvcruntimed:undname.obj
 0001:0000d840       ?getLastChar@DName@@QBEDXZ 4000e840 f i libvcruntimed:undname.obj
 0001:0000d880       ?getLastChar@DNameStatusNode@@UBEDXZ 4000e880 f i libvcruntimed:undname.obj
 0001:0000d8c0       ?getLastChar@charNode@@UBEDXZ 4000e8c0 f i libvcruntimed:undname.obj
 0001:0000d8e0       ?getLastChar@pDNameNode@@UBEDXZ 4000e8e0 f i libvcruntimed:undname.obj
 0001:0000d910       ?getLastChar@pairNode@@UBEDXZ 4000e910 f i libvcruntimed:undname.obj
 0001:0000d980       ?getLastChar@pcharNode@@UBEDXZ 4000e980 f i libvcruntimed:undname.obj
 0001:0000d9c0       ?getLexicalFrame@UnDecorator@@AAE?AVDName@@XZ 4000e9c0 f i libvcruntimed:undname.obj
 0001:0000da10       ?getMemberAccess@UnDecorator@@AAE?AVDName@@XZ 4000ea10 f   libvcruntimed:undname.obj
 0001:0000dab0       ?getMemoryWithBuffer@_HeapManager@@QAEPAXI@Z 4000eab0 f   libvcruntimed:undname.obj
 0001:0000dba0       ?getMemoryWithoutBuffer@_HeapManager@@QAEPAXI@Z 4000eba0 f   libvcruntimed:undname.obj
 0001:0000dbe0       ?getNoexcept@UnDecorator@@AAE?AVDName@@XZ 4000ebe0 f   libvcruntimed:undname.obj
 0001:0000dc60       ?getNumberOfDimensions@UnDecorator@@AAEHXZ 4000ec60 f   libvcruntimed:undname.obj
 0001:0000dd40       ?getOperatorName@UnDecorator@@AAE?AVDName@@_NPA_N@Z 4000ed40 f i libvcruntimed:undname.obj
 0001:0000e850       ?getPointerToMember@UnDecorator@@AAE?AVDName@@XZ 4000f850 f   libvcruntimed:undname.obj
 0001:0000e950       ?getPointerType@UnDecorator@@AAE?AVDName@@ABV2@0@Z 4000f950 f i libvcruntimed:undname.obj
 0001:0000e980       ?getPointerTypeArray@UnDecorator@@AAE?AVDName@@ABV2@0@Z 4000f980 f i libvcruntimed:undname.obj
 0001:0000e9b0       ?getPrimaryDataType@UnDecorator@@AAE?AVDName@@ABV2@@Z 4000f9b0 f   libvcruntimed:undname.obj
 0001:0000ee30       ?getPtrRefDataType@UnDecorator@@AAE?AVDName@@ABV2@H@Z 4000fe30 f   libvcruntimed:undname.obj
 0001:0000f100       ?getPtrRefType@UnDecorator@@AAE?AVDName@@ABV2@0W4IndirectionKind@@@Z 40010100 f   libvcruntimed:undname.obj
 0001:0000f2a0       ?getReferenceType@UnDecorator@@AAE?AVDName@@ABV2@0W4IndirectionKind@@@Z 400102a0 f i libvcruntimed:undname.obj
 0001:0000f2d0       ?getRestrictionSpec@UnDecorator@@AAE?AVDName@@XZ 400102d0 f   libvcruntimed:undname.obj
 0001:0000f490       ?getReturnType@UnDecorator@@AAE?AVDName@@PAV2@@Z 40010490 f   libvcruntimed:undname.obj
 0001:0000f4e0       ?getScope@UnDecorator@@AAE?AVDName@@XZ 400104e0 f   libvcruntimed:undname.obj
 0001:0000fa90       ?getScopedName@UnDecorator@@AAE?AVDName@@XZ 40010a90 f   libvcruntimed:undname.obj
 0001:0000fbf0       ?getSignedDimension@UnDecorator@@AAE?AVDName@@XZ 40010bf0 f   libvcruntimed:undname.obj
 0001:0000fc80       ?getStorageConvention@UnDecorator@@AAE?AVDName@@XZ 40010c80 f i libvcruntimed:undname.obj
 0001:0000fca0       ?getString@DName@@QBEPADPAD0@Z 40010ca0 f i libvcruntimed:undname.obj
 0001:0000fd00       ?getString@DName@@QBEPADPADH@Z 40010d00 f i libvcruntimed:undname.obj
 0001:0000fd90       ?getString@DNameStatusNode@@UBEPADPAD0@Z 40010d90 f i libvcruntimed:undname.obj
 0001:0000fdd0       ?getString@charNode@@UBEPADPAD0@Z 40010dd0 f i libvcruntimed:undname.obj
 0001:0000fe00       ?getString@pDNameNode@@UBEPADPAD0@Z 40010e00 f i libvcruntimed:undname.obj
 0001:0000fe40       ?getString@pairNode@@UBEPADPAD0@Z 40010e40 f i libvcruntimed:undname.obj
 0001:0000fed0       ?getString@pcharNode@@UBEPADPAD0@Z 40010ed0 f i libvcruntimed:undname.obj
 0001:0000ff00       ?getStringEncoding@UnDecorator@@AAE?AVDName@@W4PrefixKind@@H@Z 40010f00 f   libvcruntimed:undname.obj
 0001:00010020       ?getStringHelper@@YAPADPADPBD1H@Z 40011020 f i libvcruntimed:undname.obj
 0001:00010060       ?getStringObject@UnDecorator@@AAE?AVDName@@XZ 40011060 f   libvcruntimed:undname.obj
 0001:00010110       ?getSymbolName@UnDecorator@@AAE?AVDName@@XZ 40011110 f i libvcruntimed:undname.obj
 0001:000101a0       ?getTemplateArgumentList@UnDecorator@@AAE?AVDName@@XZ 400111a0 f   libvcruntimed:undname.obj
 0001:000104b0       ?getTemplateName@UnDecorator@@AAE?AVDName@@_N@Z 400114b0 f   libvcruntimed:undname.obj
 0001:00010690       ?getTemplateNonTypeArgument@UnDecorator@@AAE?AVDName@@XZ 40011690 f   libvcruntimed:undname.obj
 0001:00010d20       ?getTemplateTypeArgument@UnDecorator@@AAE?AVDName@@XZ 40011d20 f   libvcruntimed:undname.obj
 0001:00010ef0       ?getThisType@UnDecorator@@AAE?AVDName@@XZ 40011ef0 f i libvcruntimed:undname.obj
 0001:00010f40       ?getThrowTypes@UnDecorator@@AAE?AVDName@@XZ 40011f40 f   libvcruntimed:undname.obj
 0001:00010f80       ?getTypeEncoding@UnDecorator@@AAEHXZ 40011f80 f i libvcruntimed:undname.obj
 0001:00011a70       ?getUndecoratedName@UnDecorator@@QAEPADPADH@Z 40012a70 f i libvcruntimed:undname.obj
 0001:00011be0       ?getUnionObject@UnDecorator@@AAE?AVDName@@XZ 40012be0 f   libvcruntimed:undname.obj
 0001:00011cd0       ?getVCallThunkType@UnDecorator@@AAE?AVDName@@XZ 40012cd0 f i libvcruntimed:undname.obj
 0001:00011d60       ?getValue@UnDecorator@@AAE?AV?$optional@_K@std@@XZ 40012d60 f   libvcruntimed:undname.obj
 0001:00011e30       ?getValueObject@UnDecorator@@AAE?AVDName@@XZ 40012e30 f   libvcruntimed:undname.obj
 0001:00012060       ?getVbTableType@UnDecorator@@AAE?AVDName@@ABV2@@Z 40013060 f i libvcruntimed:undname.obj
 0001:00012080       ?getVdispMapType@UnDecorator@@AAE?AVDName@@ABV2@@Z 40013080 f i libvcruntimed:undname.obj
 0001:00012100       ?getVfTableType@UnDecorator@@AAE?AVDName@@ABV2@@Z 40013100 f i libvcruntimed:undname.obj
 0001:00012310       ?getZName@UnDecorator@@AAE?AVDName@@_N0@Z 40013310 f   libvcruntimed:undname.obj
 0001:00012680       ?get_current_character_and_increment_buffer@UnDecorator@@AAEDXZ 40013680 f i libvcruntimed:undname.obj
 0001:000126c0       ?haveTemplateParameters@UnDecorator@@QAEHXZ 400136c0 f i libvcruntimed:undname.obj
 0001:000126e0       ?increment_buffer@UnDecorator@@AAE_NI@Z 400136e0 f i libvcruntimed:undname.obj
 0001:00012740       ?increment_buffer_no_check@UnDecorator@@AAEXI@Z 40013740 f i libvcruntimed:undname.obj
 0001:00012780       ?increment_buffer_no_check@UnDecorator@@AAEXXZ 40013780 f i libvcruntimed:undname.obj
 0001:000127a0       ?isArray@DName@@QBEHXZ     400137a0 f i libvcruntimed:undname.obj
 0001:000127c0       ?isComArray@DName@@QBEHXZ  400137c0 f i libvcruntimed:undname.obj
 0001:000127e0       ?isEmpty@DName@@QBEHXZ     400137e0 f i libvcruntimed:undname.obj
 0001:00012810       ?isFull@Replicator@@QBEHXZ 40013810 f i libvcruntimed:undname.obj
 0001:00012840       ?isNoTE@DName@@QBEHXZ      40013840 f i libvcruntimed:undname.obj
 0001:00012860       ?isPinPtr@DName@@QBEHXZ    40013860 f i libvcruntimed:undname.obj
 0001:00012880       ?isPtrRef@DName@@QBEHXZ    40013880 f i libvcruntimed:undname.obj
 0001:000128a0       ?isUDC@DName@@QBEHXZ       400138a0 f i libvcruntimed:undname.obj
 0001:000128e0       ?isUDTThunk@DName@@QBEHXZ  400138e0 f i libvcruntimed:undname.obj
 0001:00012920       ?isVCallThunk@DName@@QBEHXZ 40013920 f i libvcruntimed:undname.obj
 0001:00012940       ?isValid@DName@@QBEHXZ     40013940 f i libvcruntimed:undname.obj
 0001:00012980       ?length@DName@@QBEHXZ      40013980 f i libvcruntimed:undname.obj
 0001:000129c0       ?length@DNameStatusNode@@UBEHXZ 400139c0 f i libvcruntimed:undname.obj
 0001:000129e0       ?length@charNode@@UBEHXZ   400139e0 f i libvcruntimed:undname.obj
 0001:000129f0       ?length@pDNameNode@@UBEHXZ 400139f0 f i libvcruntimed:undname.obj
 0001:00012a20       ?length@pairNode@@UBEHXZ   40013a20 f i libvcruntimed:undname.obj
 0001:00012a90       ?length@pcharNode@@UBEHXZ  40013a90 f i libvcruntimed:undname.obj
 0001:00012ab0       ?make@DNameStatusNode@@SAPBV1@W4DNameStatus@@@Z 40013ab0 f i libvcruntimed:undname.obj
 0001:00012ae0       ?parseDecoratedName@UnDecorator@@AAE?AVDName@@XZ 40013ae0 f   libvcruntimed:undname.obj
 0001:00012ca0       ?raw_length@DNameStatusNode@@UBEHXZ 40013ca0 f i libvcruntimed:undname.obj
 0001:00012cc0       ?raw_length@charNode@@UBEHXZ 40013cc0 f i libvcruntimed:undname.obj
 0001:00012ce0       ?raw_length@pDNameNode@@UBEHXZ 40013ce0 f i libvcruntimed:undname.obj
 0001:00012cf0       ?raw_length@pairNode@@UBEHXZ 40013cf0 f i libvcruntimed:undname.obj
 0001:00012d10       ?raw_length@pcharNode@@UBEHXZ 40013d10 f i libvcruntimed:undname.obj
 0001:00012d30       ?setIsArray@DName@@QAEXXZ  40013d30 f i libvcruntimed:undname.obj
 0001:00012d50       ?setIsComArray@DName@@QAEXXZ 40013d50 f i libvcruntimed:undname.obj
 0001:00012d70       ?setIsNoTE@DName@@QAEXXZ   40013d70 f i libvcruntimed:undname.obj
 0001:00012d90       ?setIsPinPtr@DName@@QAEXXZ 40013d90 f i libvcruntimed:undname.obj
 0001:00012db0       ?setIsUDC@DName@@QAEXXZ    40013db0 f i libvcruntimed:undname.obj
 0001:00012de0       ?setIsVCallThunk@DName@@QAEXXZ 40013de0 f i libvcruntimed:undname.obj
 0001:00012e00       ?setPtrRef@DName@@QAEAAV1@XZ 40013e00 f i libvcruntimed:undname.obj
 0001:00012e20       ?status@DName@@QBE?AW4DNameStatus@@XZ 40013e20 f i libvcruntimed:undname.obj
 0001:00012f20       ___unDName                 40013f20 f   libvcruntimed:undname.obj
 0001:00012f50       ___unDNameEx               40013f50 f   libvcruntimed:undname.obj
 0001:00013020       _snprintf                  40014020 f i libvcruntimed:undname.obj
 0001:00013060       _unDNameGenerateCHPE       40014060 f   libvcruntimed:undname.obj
 0001:000130c0       _vsnprintf                 400140c0 f i libvcruntimed:undname.obj
 0001:00013110       ??$?RU__vcrt_ptd@@@__crt_internal_free_policy@@QBEXQBU__vcrt_ptd@@@Z 40014110 f i libvcruntimed:per_thread_data.obj
 0001:00013130       ??0?$__crt_unique_heap_ptr@U__vcrt_ptd@@U__crt_internal_free_policy@@@@QAE@QAU__vcrt_ptd@@@Z 40014130 f i libvcruntimed:per_thread_data.obj
 0001:00013170       ??1?$__crt_unique_heap_ptr@U__vcrt_ptd@@U__crt_internal_free_policy@@@@QAE@XZ 40014170 f i libvcruntimed:per_thread_data.obj
 0001:000131b0       ??B?$__crt_unique_heap_ptr@U__vcrt_ptd@@U__crt_internal_free_policy@@@@QBE_NXZ 400141b0 f i libvcruntimed:per_thread_data.obj
 0001:000131d0       ?detach@?$__crt_unique_heap_ptr@U__vcrt_ptd@@U__crt_internal_free_policy@@@@QAEPAU__vcrt_ptd@@XZ 400141d0 f i libvcruntimed:per_thread_data.obj
 0001:00013200       ?get@?$__crt_unique_heap_ptr@U__vcrt_ptd@@U__crt_internal_free_policy@@@@QBEPAU__vcrt_ptd@@XZ 40014200 f i libvcruntimed:per_thread_data.obj
 0001:00013210       ?is_valid@?$__crt_unique_heap_ptr@U__vcrt_ptd@@U__crt_internal_free_policy@@@@QBE_NXZ 40014210 f i libvcruntimed:per_thread_data.obj
 0001:00013240       ?release@?$__crt_unique_heap_ptr@U__vcrt_ptd@@U__crt_internal_free_policy@@@@QAEXXZ 40014240 f i libvcruntimed:per_thread_data.obj
 0001:000132a0       ___vcrt_freefls@4          400142a0 f   libvcruntimed:per_thread_data.obj
 0001:000132d0       ___vcrt_freeptd_for_this_thread 400142d0 f   libvcruntimed:per_thread_data.obj
 0001:00013310       ___vcrt_getptd             40014310 f   libvcruntimed:per_thread_data.obj
 0001:00013330       ___vcrt_getptd_noexit      40014330 f   libvcruntimed:per_thread_data.obj
 0001:00013490       ___vcrt_getptd_noinit      40014490 f   libvcruntimed:per_thread_data.obj
 0001:000134f0       ___vcrt_initialize_ptd     400144f0 f   libvcruntimed:per_thread_data.obj
 0001:00013540       ___vcrt_uninitialize_ptd   40014540 f   libvcruntimed:per_thread_data.obj
 0001:00013570       ___vcrt_initialize_locks   40014570 f   libvcruntimed:locks.obj
 0001:000135d0       ___vcrt_lock               400145d0 f   libvcruntimed:locks.obj
 0001:000135f0       ___vcrt_uninitialize_locks 400145f0 f   libvcruntimed:locks.obj
 0001:00013640       ___vcrt_unlock             40014640 f   libvcruntimed:locks.obj
 0001:00013660       __global_unwind2           40014660 f   libvcruntimed:exsup.obj
 0001:000136e0       __local_unwind2            400146e0 f   libvcruntimed:exsup.obj
 0001:00013780       __abnormal_termination     40014780 f   libvcruntimed:exsup.obj
 0001:000137b0       __NLG_Notify1              400147b0 f   libvcruntimed:exsup.obj
 0001:000137c0       __NLG_Notify               400147c0 f   libvcruntimed:exsup.obj
 0001:000137d7       __NLG_Dispatch             400147d7     libvcruntimed:exsup.obj
 0001:000137d7       __NLG_Dispatch2            400147d7     libvcruntimed:exsup.obj
 0001:000137e0       __NLG_Call                 400147e0 f   libvcruntimed:exsup.obj
 0001:000137e2       __NLG_Return2              400147e2     libvcruntimed:exsup.obj
 0001:000137f0       ??$__crt_interlocked_exchange_pointer@$$A6AXXZP6AXXZ@@YAP6AXXZPDS6AXXZQ6AXXZ@Z 400147f0 f i libvcruntimed:purevirt.obj
 0001:00013800       ??$__crt_interlocked_read_pointer@$$A6AXXZ@@YAP6AXXZPDS6AXXZ@Z 40014800 f i libvcruntimed:purevirt.obj
 0001:00013820       __get_purecall_handler     40014820 f   libvcruntimed:purevirt.obj
 0001:00013840       __purecall                 40014840 f   libvcruntimed:purevirt.obj
 0001:00013880       __set_purecall_handler     40014880 f   libvcruntimed:purevirt.obj
 0001:000138a0       _memcpy                    400148a0 f   libvcruntimed:memcpy.obj
 0001:00013e20       ??$?0AAViterator@TryBlockMap@__FrameHandler3@@AAV012@$0A@@?$pair@Viterator@TryBlockMap@__FrameHandler3@@V123@@std@@QAE@AAViterator@TryBlockMap@__FrameHandler3@@0@Z 40014e20 f i libvcruntimed:trnsctrl.obj
 0001:00013e60       ??0iterator@TryBlockMap@__FrameHandler3@@QAE@AAV12@I@Z 40014e60 f i libvcruntimed:trnsctrl.obj
 0001:00013e90       ?GetRangeOfTrysToCheck@__FrameHandler3@@SA?AU?$pair@Viterator@TryBlockMap@__FrameHandler3@@V123@@std@@AAVTryBlockMap@1@HPAXPBU_s_FuncInfo@@H@Z 40014e90 f   libvcruntimed:trnsctrl.obj
 0001:00013f80       ?_CallCatchBlock2@@YAPAXPAUEHRegistrationNode@@PBU_s_FuncInfo@@PAXHK@Z 40014f80 f   libvcruntimed:trnsctrl.obj
 0001:00013ff0       ?_CallSETranslator@@YAHPAUEHExceptionRecord@@PAUEHRegistrationNode@@PAX2PBU_s_FuncInfo@@H1@Z 40014ff0 f   libvcruntimed:trnsctrl.obj
 0001:00014100       ?_JumpToContinuation@@YGXPAXPAUEHRegistrationNode@@@Z 40015100 f   libvcruntimed:trnsctrl.obj
 0001:00014140       ?_UnwindNestedFrames@@YGXPAUEHRegistrationNode@@PAUEHExceptionRecord@@@Z 40015140 f   libvcruntimed:trnsctrl.obj
 0001:000141a0       __CatchGuardHandler        400151a0 f   libvcruntimed:trnsctrl.obj
 0001:000141f0       __CreateFrameInfo          400151f0 f   libvcruntimed:trnsctrl.obj
 0001:00014220       __FindAndUnlinkFrame       40015220 f   libvcruntimed:trnsctrl.obj
 0001:00014290       __TranslatorGuardHandler   40015290 f   libvcruntimed:trnsctrl.obj
 0001:00014340       ___CxxFrameHandler         40015340 f   libvcruntimed:trnsctrl.obj
 0001:00014380       ___CxxFrameHandler2        40015380 f   libvcruntimed:trnsctrl.obj
 0001:000143c0       ___CxxFrameHandler3        400153c0 f   libvcruntimed:trnsctrl.obj
 0001:00014400       ___CxxLongjmpUnwind@4      40015400 f   libvcruntimed:trnsctrl.obj
 0001:00014440       ??$__crt_interlocked_exchange_pointer@UHINSTANCE__@@PAU1@@@YAPAUHINSTANCE__@@PDSAU0@QAU0@@Z 40015440 f i libvcruntimed:winapi_downlevel.obj
 0001:00014450       ??$__crt_interlocked_exchange_pointer@UHINSTANCE__@@PAX@@YAPAUHINSTANCE__@@PDSAU0@QAX@Z 40015450 f i libvcruntimed:winapi_downlevel.obj
 0001:00014460       ??$__crt_interlocked_exchange_pointer@XPAX@@YAPAXPDSAXQAX@Z 40015460 f i libvcruntimed:winapi_downlevel.obj
 0001:00014470       ??$__crt_interlocked_read_pointer@UHINSTANCE__@@@@YAPAUHINSTANCE__@@PDSAU0@@Z 40015470 f i libvcruntimed:winapi_downlevel.obj
 0001:00014490       ??$__crt_interlocked_read_pointer@X@@YAPAXPDSAX@Z 40015490 f i libvcruntimed:winapi_downlevel.obj
 0001:00014870       ___vcrt_FlsAlloc           40015870 f   libvcruntimed:winapi_downlevel.obj
 0001:000148b0       ___vcrt_FlsFree            400158b0 f   libvcruntimed:winapi_downlevel.obj
 0001:000148f0       ___vcrt_FlsGetValue        400158f0 f   libvcruntimed:winapi_downlevel.obj
 0001:00014930       ___vcrt_FlsSetValue        40015930 f   libvcruntimed:winapi_downlevel.obj
 0001:00014980       ___vcrt_InitializeCriticalSectionEx 40015980 f   libvcruntimed:winapi_downlevel.obj
 0001:00015540       ??$TypeMatchHelper@V__FrameHandler3@@@@YAHPBU_s_HandlerType@@PBU_s_CatchableType@@PBU_s_ThrowInfo@@@Z 40016540 f i libvcruntimed:frame.obj
 0001:00015620       ??$__InternalCxxFrameHandler@V__FrameHandler3@@@@YA?AW4_EXCEPTION_DISPOSITION@@PAUEHExceptionRecord@@PAUEHRegistrationNode@@PAU_CONTEXT@@PAXPBU_s_FuncInfo@@H1E@Z 40016620 f i libvcruntimed:frame.obj
 0001:000157e0       ??$__InternalCxxFrameHandlerWrapper@V__FrameHandler3@@@@YA?AW4_EXCEPTION_DISPOSITION@@PAUEHExceptionRecord@@PAUEHRegistrationNode@@PAU_CONTEXT@@PAXPBU_s_FuncInfo@@H1E@Z 400167e0 f i libvcruntimed:frame.obj
 0001:00015810       ??0HandlerMap@__FrameHandler3@@QAE@PBU_s_TryBlockMapEntry@@II@Z 40016810 f i libvcruntimed:frame.obj
 0001:00015840       ??0TryBlockMap@__FrameHandler3@@QAE@PBU_s_FuncInfo@@I@Z 40016840 f i libvcruntimed:frame.obj
 0001:00015870       ??0bad_exception@std@@QAE@ABV01@@Z 40016870 f i libvcruntimed:frame.obj
 0001:000158a0       ??0bad_exception@std@@QAE@XZ 400168a0 f i libvcruntimed:frame.obj
 0001:000158d0       ??0exception@std@@QAE@ABV01@@Z 400168d0 f i libvcruntimed:frame.obj
 0001:00015910       ??0exception@std@@QAE@QBDH@Z 40016910 f i libvcruntimed:frame.obj
 0001:00015940       ??0iterator@HandlerMap@__FrameHandler3@@QAE@AAV12@I@Z 40016940 f i libvcruntimed:frame.obj
 0001:00015970       ??1bad_exception@std@@UAE@XZ 40016970 f i libvcruntimed:frame.obj
 0001:00015990       ??1exception@std@@UAE@XZ   40016990 f i libvcruntimed:frame.obj
 0001:000159c0       ??8iterator@HandlerMap@__FrameHandler3@@QBE_NABV012@@Z 400169c0 f i libvcruntimed:frame.obj
 0001:00015a00       ??8type_info@@QBE_NABV0@@Z 40016a00 f i libvcruntimed:frame.obj
 0001:00015a70       ??9iterator@HandlerMap@__FrameHandler3@@QBE_NABV012@@Z 40016a70 f i libvcruntimed:frame.obj
 0001:00015ab0       ??Diterator@HandlerMap@__FrameHandler3@@QAE?BU_s_HandlerType@@XZ 40016ab0 f i libvcruntimed:frame.obj
 0001:00015af0       ??Diterator@TryBlockMap@__FrameHandler3@@QAE?BU_s_TryBlockMapEntry@@XZ 40016af0 f i libvcruntimed:frame.obj
 0001:00015b40       ??Eiterator@HandlerMap@__FrameHandler3@@QAEAAV012@XZ 40016b40 f i libvcruntimed:frame.obj
 0001:00015b60       ??Eiterator@TryBlockMap@__FrameHandler3@@QAEAAV012@XZ 40016b60 f i libvcruntimed:frame.obj
 0001:00015b80       ??Miterator@TryBlockMap@__FrameHandler3@@QBE_NABV012@@Z 40016b80 f i libvcruntimed:frame.obj
 0001:00015bc0       ??_Ebad_exception@std@@UAEPAXI@Z 40016bc0 f i libvcruntimed:frame.obj
 0001:00015bc0       ??_Gbad_exception@std@@UAEPAXI@Z 40016bc0 f i libvcruntimed:frame.obj
 0001:00015bf0       ??_Eexception@std@@UAEPAXI@Z 40016bf0 f i libvcruntimed:frame.obj
 0001:00015bf0       ??_Gexception@std@@UAEPAXI@Z 40016bf0 f i libvcruntimed:frame.obj
 0001:00015c20       ?BuildCatchObject@__FrameHandler3@@SAXPAUEHExceptionRecord@@PAXPBU_s_HandlerType@@PBU_s_CatchableType@@@Z 40016c20 f   libvcruntimed:frame.obj
 0001:00015c40       ?BuildCatchObjectHelper@__FrameHandler3@@SAHPAUEHExceptionRecord@@PAXPBU_s_HandlerType@@PBU_s_CatchableType@@@Z 40016c40 f   libvcruntimed:frame.obj
 0001:00015ff0       ?FrameUnwindToEmptyState@__FrameHandler3@@SAXPAUEHRegistrationNode@@PAXPBU_s_FuncInfo@@@Z 40016ff0 f   libvcruntimed:frame.obj
 0001:00016010       ?FrameUnwindToState@__FrameHandler3@@SAXPAUEHRegistrationNode@@PAXPBU_s_FuncInfo@@H@Z 40017010 f   libvcruntimed:frame.obj
 0001:00016190       ?GetMaxState@__FrameHandler3@@SAHPAXPBU_s_FuncInfo@@@Z 40017190 f i libvcruntimed:frame.obj
 0001:000162b0       ?TypeMatch@__FrameHandler3@@SAHPBU_s_HandlerType@@PBU_s_CatchableType@@PBU_s_ThrowInfo@@@Z 400172b0 f   libvcruntimed:frame.obj
 0001:000162d0       ?_CallMemberFunction1@@YGXQAX00@Z 400172d0 f i libvcruntimed:frame.obj
 0001:00016300       ?_CallMemberFunction2@@YGXQAX00H@Z 40017300 f i libvcruntimed:frame.obj
 0001:00016330       ?begin@HandlerMap@__FrameHandler3@@QAE?AViterator@12@XZ 40017330 f i libvcruntimed:frame.obj
 0001:00016350       ?end@HandlerMap@__FrameHandler3@@QAE?AViterator@12@XZ 40017350 f i libvcruntimed:frame.obj
 0001:00016380       ?getESTypes@__FrameHandler3@@SAPBU_s_ESTypeList@@PBU_s_FuncInfo@@@Z 40017380 f i libvcruntimed:frame.obj
 0001:00016390       ?getLastEntry@HandlerMap@__FrameHandler3@@QAEPBU_s_HandlerType@@XZ 40017390 f i libvcruntimed:frame.obj
 0001:000163b0       ?getMagicNum@__FrameHandler3@@SAIPBU_s_FuncInfo@@@Z 400173b0 f i libvcruntimed:frame.obj
 0001:000163c0       ?getNumTryBlocks@TryBlockMap@__FrameHandler3@@QAEIXZ 400173c0 f i libvcruntimed:frame.obj
 0001:000163e0       ?isEHs@__FrameHandler3@@SA_NPBU_s_FuncInfo@@@Z 400173e0 f i libvcruntimed:frame.obj
 0001:00016410       ?isNoExcept@__FrameHandler3@@SA_NPBU_s_FuncInfo@@@Z 40017410 f i libvcruntimed:frame.obj
 0001:00016440       ?what@exception@std@@UBEPBDXZ 40017440 f i libvcruntimed:frame.obj
 0001:00016470       ___BuildCatchObject        40017470 f   libvcruntimed:frame.obj
 0001:00016490       ___BuildCatchObjectHelper  40017490 f   libvcruntimed:frame.obj
 0001:000164b0       ___TypeMatch               400174b0 f   libvcruntimed:frame.obj
 0001:000164d0       ___vcrt_EncodePointer      400174d0 f i libvcruntimed:frame.obj
 0001:000164e0       __CallSettingFrame@12      400174e0 f   libvcruntimed:lowhelpr.obj
 0001:00016507       __NLG_Return               40017507     libvcruntimed:lowhelpr.obj
 0001:00016560       __get_unexpected           40017560 f   libvcruntimed:unexpected.obj
 0001:00016580       _set_unexpected            40017580 f   libvcruntimed:unexpected.obj
 0001:000165b0       _unexpected                400175b0 f   libvcruntimed:unexpected.obj
 0001:000165f0       _memmove                   400175f0 f   libvcruntimed:memmove.obj
 0001:00016b70       ?GetCurrentState@__FrameHandler3@@SAHPAUEHRegistrationNode@@PAXPBU_s_FuncInfo@@@Z 40017b70 f   libvcruntimed:ehstate.obj
 0001:00016ba0       ?SetState@__FrameHandler3@@SAXPAUEHRegistrationNode@@PBU_s_FuncInfo@@H@Z 40017ba0 f   libvcruntimed:ehstate.obj
 0001:00016bb0       ??$?RD@__crt_public_free_policy@@QBEXQBD@Z 40017bb0 f i libvcruntimed:std_exception.obj
 0001:00016bd0       ??0?$__crt_unique_heap_ptr@DU__crt_public_free_policy@@@@QAE@QAD@Z 40017bd0 f i libvcruntimed:std_exception.obj
 0001:00016bf0       ??1?$__crt_unique_heap_ptr@DU__crt_public_free_policy@@@@QAE@XZ 40017bf0 f i libvcruntimed:std_exception.obj
 0001:00016c10       ??B?$__crt_unique_heap_ptr@DU__crt_public_free_policy@@@@QBE_NXZ 40017c10 f i libvcruntimed:std_exception.obj
 0001:00016c30       ?detach@?$__crt_unique_heap_ptr@DU__crt_public_free_policy@@@@QAEPADXZ 40017c30 f i libvcruntimed:std_exception.obj
 0001:00016c60       ?get@?$__crt_unique_heap_ptr@DU__crt_public_free_policy@@@@QBEPADXZ 40017c60 f i libvcruntimed:std_exception.obj
 0001:00016c70       ?is_valid@?$__crt_unique_heap_ptr@DU__crt_public_free_policy@@@@QBE_NXZ 40017c70 f i libvcruntimed:std_exception.obj
 0001:00016ca0       ?release@?$__crt_unique_heap_ptr@DU__crt_public_free_policy@@@@QAEXXZ 40017ca0 f i libvcruntimed:std_exception.obj
 0001:00016cd0       ___std_exception_copy      40017cd0 f   libvcruntimed:std_exception.obj
 0001:00016dd0       ___std_exception_destroy   40017dd0 f   libvcruntimed:std_exception.obj
 0001:00016e00       __CxxThrowException@8      40017e00 f   libvcruntimed:throw.obj
 0001:00016eb0       ??$?RU?$__crt_report_hook_node@D@@@__crt_internal_free_policy@@QBEXQBU?$__crt_report_hook_node@D@@@Z 40017eb0 f i libucrtd:dbgrpt.obj
 0001:00016ed0       ??$?RU?$__crt_report_hook_node@_W@@@__crt_internal_free_policy@@QBEXQBU?$__crt_report_hook_node@_W@@@Z 40017ed0 f i libucrtd:dbgrpt.obj
 0001:00017dc0       ??$get_module_file_name@AAPAUHINSTANCE__@@AAY0BAF@DK@?$__crt_char_traits@D@@SAKAAPAUHINSTANCE__@@AAY0BAF@D$$QAK@Z 40018dc0 f i libucrtd:dbgrpt.obj
 0001:00017de0       ??$get_module_file_name@AAPAUHINSTANCE__@@AAY0BAF@_WK@?$__crt_char_traits@_W@@SAKAAPAUHINSTANCE__@@AAY0BAF@_W$$QAK@Z 40018de0 f i libucrtd:dbgrpt.obj
 0001:00017e00       ??$tcscpy_s@AAY0BAF@DIPBD@?$__crt_char_traits@D@@SAHAAY0BAF@D$$QAI$$QAPBD@Z 40018e00 f i libucrtd:dbgrpt.obj
 0001:00017e20       ??$tcscpy_s@AAY0BAF@_WIPB_W@?$__crt_char_traits@_W@@SAHAAY0BAF@_W$$QAI$$QAPB_W@Z 40018e20 f i libucrtd:dbgrpt.obj
 0001:00017e40       ??$tcslen@AAY0BAF@D@?$__crt_char_traits@D@@SAIAAY0BAF@D@Z 40018e40 f i libucrtd:dbgrpt.obj
 0001:00017e60       ??$tcslen@AAY0BAF@_W@?$__crt_char_traits@_W@@SAIAAY0BAF@_W@Z 40018e60 f i libucrtd:dbgrpt.obj
 0001:00017e80       ??$tcslen@ABQBD@?$__crt_char_traits@D@@SAIABQBD@Z 40018e80 f i libucrtd:dbgrpt.obj
 0001:00017ea0       ??$tcslen@ABQB_W@?$__crt_char_traits@_W@@SAIABQB_W@Z 40018ea0 f i libucrtd:dbgrpt.obj
 0001:00017fa0       ??0?$__crt_unique_heap_ptr@U?$__crt_report_hook_node@D@@U__crt_internal_free_policy@@@@QAE@QAU?$__crt_report_hook_node@D@@@Z 40018fa0 f i libucrtd:dbgrpt.obj
 0001:00017fc0       ??0?$__crt_unique_heap_ptr@U?$__crt_report_hook_node@_W@@U__crt_internal_free_policy@@@@QAE@QAU?$__crt_report_hook_node@_W@@@Z 40018fc0 f i libucrtd:dbgrpt.obj
 0001:00017fe0       ??1?$__crt_unique_heap_ptr@U?$__crt_report_hook_node@D@@U__crt_internal_free_policy@@@@QAE@XZ 40018fe0 f i libucrtd:dbgrpt.obj
 0001:00018000       ??1?$__crt_unique_heap_ptr@U?$__crt_report_hook_node@_W@@U__crt_internal_free_policy@@@@QAE@XZ 40019000 f i libucrtd:dbgrpt.obj
 0001:00018020       ??B?$__crt_unique_heap_ptr@U?$__crt_report_hook_node@D@@U__crt_internal_free_policy@@@@QBE_NXZ 40019020 f i libucrtd:dbgrpt.obj
 0001:00018040       ??B?$__crt_unique_heap_ptr@U?$__crt_report_hook_node@_W@@U__crt_internal_free_policy@@@@QBE_NXZ 40019040 f i libucrtd:dbgrpt.obj
 0001:000185a0       ?detach@?$__crt_unique_heap_ptr@U?$__crt_report_hook_node@D@@U__crt_internal_free_policy@@@@QAEPAU?$__crt_report_hook_node@D@@XZ 400195a0 f i libucrtd:dbgrpt.obj
 0001:000185d0       ?detach@?$__crt_unique_heap_ptr@U?$__crt_report_hook_node@_W@@U__crt_internal_free_policy@@@@QAEPAU?$__crt_report_hook_node@_W@@XZ 400195d0 f i libucrtd:dbgrpt.obj
 0001:00018600       ?get@?$__crt_unique_heap_ptr@U?$__crt_report_hook_node@D@@U__crt_internal_free_policy@@@@QBEPAU?$__crt_report_hook_node@D@@XZ 40019600 f i libucrtd:dbgrpt.obj
 0001:00018620       ?get@?$__crt_unique_heap_ptr@U?$__crt_report_hook_node@_W@@U__crt_internal_free_policy@@@@QBEPAU?$__crt_report_hook_node@_W@@XZ 40019620 f i libucrtd:dbgrpt.obj
 0001:000186a0       ?is_valid@?$__crt_unique_heap_ptr@U?$__crt_report_hook_node@D@@U__crt_internal_free_policy@@@@QBE_NXZ 400196a0 f i libucrtd:dbgrpt.obj
 0001:000186d0       ?is_valid@?$__crt_unique_heap_ptr@U?$__crt_report_hook_node@_W@@U__crt_internal_free_policy@@@@QBE_NXZ 400196d0 f i libucrtd:dbgrpt.obj
 0001:00018700       ?release@?$__crt_unique_heap_ptr@U?$__crt_report_hook_node@D@@U__crt_internal_free_policy@@@@QAEXXZ 40019700 f i libucrtd:dbgrpt.obj
 0001:00018730       ?release@?$__crt_unique_heap_ptr@U?$__crt_report_hook_node@_W@@U__crt_internal_free_policy@@@@QAEXXZ 40019730 f i libucrtd:dbgrpt.obj
 0001:00018760       __CrtDbgReport             40019760 f   libucrtd:dbgrpt.obj
 0001:000187b0       __CrtDbgReportW            400197b0 f   libucrtd:dbgrpt.obj
 0001:00018800       __CrtSetReportHook2        40019800 f   libucrtd:dbgrpt.obj
 0001:00018820       __CrtSetReportHookW2       40019820 f   libucrtd:dbgrpt.obj
 0001:00018840       ___acrt_MessageWindowA     40019840 f   libucrtd:dbgrpt.obj
 0001:00018870       ___acrt_MessageWindowW     40019870 f   libucrtd:dbgrpt.obj
 0001:000188a0       __invoke_watson_if_error   400198a0 f i libucrtd:dbgrpt.obj
 0001:000188d0       __invoke_watson_if_oneof   400198d0 f i libucrtd:dbgrpt.obj
 0001:00018910       __snwprintf_s              40019910 f i libucrtd:dbgrpt.obj
 0001:00018950       __vsnwprintf_s_l           40019950 f i libucrtd:dbgrpt.obj
 0001:000189b0       __initterm                 400199b0 f   libucrtd:initterm.obj
 0001:00018a00       __initterm_e               40019a00 f   libucrtd:initterm.obj
 0001:00018d70       _strcpy_s                  40019d70 f   libucrtd:strcpy_s.obj
 0001:000191a0       _strcat_s                  4001a1a0 f   libucrtd:strcat_s.obj
 0001:000191c0       ??$?0ABV?$stream_output_adapter@D@__crt_stdio_output@@AB_KABQBDAAV__crt_cached_ptd_host@@ABQAD@?$format_validation_base@DV?$stream_output_adapter@D@__crt_stdio_output@@@__crt_stdio_output@@IAE@ABV?$stream_output_adapter@D@1@AB_KABQBDAAV__crt_cached_ptd_host@@ABQAD@Z 4001a1c0 f i libucrtd:output.obj
 0001:000191f0       ??$?0ABV?$stream_output_adapter@D@__crt_stdio_output@@AB_KABQBDAAV__crt_cached_ptd_host@@ABQAD@?$positional_parameter_base@DV?$stream_output_adapter@D@__crt_stdio_output@@@__crt_stdio_output@@IAE@ABV?$stream_output_adapter@D@1@AB_KABQBDAAV__crt_cached_ptd_host@@ABQAD@Z 4001a1f0 f i libucrtd:output.obj
 0001:00019270       ??$?0ABV?$stream_output_adapter@D@__crt_stdio_output@@AB_KABQBDAAV__crt_cached_ptd_host@@ABQAD@?$standard_base@DV?$stream_output_adapter@D@__crt_stdio_output@@@__crt_stdio_output@@IAE@ABV?$stream_output_adapter@D@1@AB_KABQBDAAV__crt_cached_ptd_host@@ABQAD@Z 4001a270 f i libucrtd:output.obj
 0001:000192c0       ??$?0ABV?$stream_output_adapter@_W@__crt_stdio_output@@AB_KABQB_WAAV__crt_cached_ptd_host@@ABQAD@?$format_validation_base@_WV?$stream_output_adapter@_W@__crt_stdio_output@@@__crt_stdio_output@@IAE@ABV?$stream_output_adapter@_W@1@AB_KABQB_WAAV__crt_cached_ptd_host@@ABQAD@Z 4001a2c0 f i libucrtd:output.obj
 0001:000192f0       ??$?0ABV?$stream_output_adapter@_W@__crt_stdio_output@@AB_KABQB_WAAV__crt_cached_ptd_host@@ABQAD@?$positional_parameter_base@_WV?$stream_output_adapter@_W@__crt_stdio_output@@@__crt_stdio_output@@IAE@ABV?$stream_output_adapter@_W@1@AB_KABQB_WAAV__crt_cached_ptd_host@@ABQAD@Z 4001a2f0 f i libucrtd:output.obj
 0001:00019370       ??$?0ABV?$stream_output_adapter@_W@__crt_stdio_output@@AB_KABQB_WAAV__crt_cached_ptd_host@@ABQAD@?$standard_base@_WV?$stream_output_adapter@_W@__crt_stdio_output@@@__crt_stdio_output@@IAE@ABV?$stream_output_adapter@_W@1@AB_KABQB_WAAV__crt_cached_ptd_host@@ABQAD@Z 4001a370 f i libucrtd:output.obj
 0001:000193c0       ??$?0ABV?$string_output_adapter@D@__crt_stdio_output@@AB_KABQBDAAV__crt_cached_ptd_host@@ABQAD@?$format_validation_base@DV?$string_output_adapter@D@__crt_stdio_output@@@__crt_stdio_output@@IAE@ABV?$string_output_adapter@D@1@AB_KABQBDAAV__crt_cached_ptd_host@@ABQAD@Z 4001a3c0 f i libucrtd:output.obj
 0001:000193f0       ??$?0ABV?$string_output_adapter@D@__crt_stdio_output@@AB_KABQBDAAV__crt_cached_ptd_host@@ABQAD@?$positional_parameter_base@DV?$string_output_adapter@D@__crt_stdio_output@@@__crt_stdio_output@@IAE@ABV?$string_output_adapter@D@1@AB_KABQBDAAV__crt_cached_ptd_host@@ABQAD@Z 4001a3f0 f i libucrtd:output.obj
 0001:00019470       ??$?0ABV?$string_output_adapter@D@__crt_stdio_output@@AB_KABQBDAAV__crt_cached_ptd_host@@ABQAD@?$standard_base@DV?$string_output_adapter@D@__crt_stdio_output@@@__crt_stdio_output@@IAE@ABV?$string_output_adapter@D@1@AB_KABQBDAAV__crt_cached_ptd_host@@ABQAD@Z 4001a470 f i libucrtd:output.obj
 0001:000194c0       ??$?0ABV?$string_output_adapter@_W@__crt_stdio_output@@AB_KABQB_WAAV__crt_cached_ptd_host@@ABQAD@?$format_validation_base@_WV?$string_output_adapter@_W@__crt_stdio_output@@@__crt_stdio_output@@IAE@ABV?$string_output_adapter@_W@1@AB_KABQB_WAAV__crt_cached_ptd_host@@ABQAD@Z 4001a4c0 f i libucrtd:output.obj
 0001:000194f0       ??$?0ABV?$string_output_adapter@_W@__crt_stdio_output@@AB_KABQB_WAAV__crt_cached_ptd_host@@ABQAD@?$positional_parameter_base@_WV?$string_output_adapter@_W@__crt_stdio_output@@@__crt_stdio_output@@IAE@ABV?$string_output_adapter@_W@1@AB_KABQB_WAAV__crt_cached_ptd_host@@ABQAD@Z 4001a4f0 f i libucrtd:output.obj
 0001:00019570       ??$?0ABV?$string_output_adapter@_W@__crt_stdio_output@@AB_KABQB_WAAV__crt_cached_ptd_host@@ABQAD@?$standard_base@_WV?$string_output_adapter@_W@__crt_stdio_output@@@__crt_stdio_output@@IAE@ABV?$string_output_adapter@_W@1@AB_KABQB_WAAV__crt_cached_ptd_host@@ABQAD@Z 4001a570 f i libucrtd:output.obj
 0001:00019bc0       ??$__crt_interlocked_read@J@@YAJPDJ@Z 4001abc0 f i libucrtd:output.obj
 0001:00019be0       ??$_tcstol_internal@DPAPAD$0A@@@YAJAAV__crt_cached_ptd_host@@QBDQAPADH@Z 4001abe0 f i libucrtd:output.obj
 0001:00019c20       ??$_tcstol_internal@_WPAPA_W$0A@@@YAJAAV__crt_cached_ptd_host@@QB_WQAPA_WH@Z 4001ac20 f i libucrtd:output.obj
 0001:0001cbc0       ??$count@D@formatting_buffer@__crt_stdio_output@@QBEIXZ 4001dbc0 f i libucrtd:output.obj
 0001:0001cc00       ??$count@_W@formatting_buffer@__crt_stdio_output@@QBEIXZ 4001dc00 f i libucrtd:output.obj
 0001:0001cc40       ??$data@D@formatting_buffer@__crt_stdio_output@@QAEPADXZ 4001dc40 f i libucrtd:output.obj
 0001:0001cc80       ??$data@_W@formatting_buffer@__crt_stdio_output@@QAEPA_WXZ 4001dc80 f i libucrtd:output.obj
 0001:0001ccc0       ??$ensure_buffer_is_big_enough@D@formatting_buffer@__crt_stdio_output@@QAE_NIAAV__crt_cached_ptd_host@@@Z 4001dcc0 f i libucrtd:output.obj
 0001:0001cdb0       ??$ensure_buffer_is_big_enough@_W@formatting_buffer@__crt_stdio_output@@QAE_NIAAV__crt_cached_ptd_host@@@Z 4001ddb0 f i libucrtd:output.obj
 0001:0001cea0       ??$extract_argument_from_va_list@C_J@?$positional_parameter_base@DV?$stream_output_adapter@D@__crt_stdio_output@@@__crt_stdio_output@@IAE_NAA_J@Z 4001dea0 f i libucrtd:output.obj
 0001:0001d000       ??$extract_argument_from_va_list@C_J@?$positional_parameter_base@DV?$string_output_adapter@D@__crt_stdio_output@@@__crt_stdio_output@@IAE_NAA_J@Z 4001e000 f i libucrtd:output.obj
 0001:0001d160       ??$extract_argument_from_va_list@C_J@?$positional_parameter_base@_WV?$stream_output_adapter@_W@__crt_stdio_output@@@__crt_stdio_output@@IAE_NAA_J@Z 4001e160 f i libucrtd:output.obj
 0001:0001d2d0       ??$extract_argument_from_va_list@C_J@?$positional_parameter_base@_WV?$string_output_adapter@_W@__crt_stdio_output@@@__crt_stdio_output@@IAE_NAA_J@Z 4001e2d0 f i libucrtd:output.obj
 0001:0001d440       ??$extract_argument_from_va_list@C_J@?$standard_base@DV?$stream_output_adapter@D@__crt_stdio_output@@@__crt_stdio_output@@IAE_NAA_J@Z 4001e440 f i libucrtd:output.obj
 0001:0001d470       ??$extract_argument_from_va_list@C_J@?$standard_base@DV?$string_output_adapter@D@__crt_stdio_output@@@__crt_stdio_output@@IAE_NAA_J@Z 4001e470 f i libucrtd:output.obj
 0001:0001d4a0       ??$extract_argument_from_va_list@C_J@?$standard_base@_WV?$stream_output_adapter@_W@__crt_stdio_output@@@__crt_stdio_output@@IAE_NAA_J@Z 4001e4a0 f i libucrtd:output.obj
 0001:0001d4d0       ??$extract_argument_from_va_list@C_J@?$standard_base@_WV?$string_output_adapter@_W@__crt_stdio_output@@@__crt_stdio_output@@IAE_NAA_J@Z 4001e4d0 f i libucrtd:output.obj
 0001:0001d500       ??$extract_argument_from_va_list@E_J@?$positional_parameter_base@DV?$stream_output_adapter@D@__crt_stdio_output@@@__crt_stdio_output@@IAE_NAA_J@Z 4001e500 f i libucrtd:output.obj
 0001:0001d660       ??$extract_argument_from_va_list@E_J@?$positional_parameter_base@DV?$string_output_adapter@D@__crt_stdio_output@@@__crt_stdio_output@@IAE_NAA_J@Z 4001e660 f i libucrtd:output.obj
 0001:0001d7c0       ??$extract_argument_from_va_list@E_J@?$positional_parameter_base@_WV?$stream_output_adapter@_W@__crt_stdio_output@@@__crt_stdio_output@@IAE_NAA_J@Z 4001e7c0 f i libucrtd:output.obj
 0001:0001d930       ??$extract_argument_from_va_list@E_J@?$positional_parameter_base@_WV?$string_output_adapter@_W@__crt_stdio_output@@@__crt_stdio_output@@IAE_NAA_J@Z 4001e930 f i libucrtd:output.obj
 0001:0001daa0       ??$extract_argument_from_va_list@E_J@?$standard_base@DV?$stream_output_adapter@D@__crt_stdio_output@@@__crt_stdio_output@@IAE_NAA_J@Z 4001eaa0 f i libucrtd:output.obj
 0001:0001dad0       ??$extract_argument_from_va_list@E_J@?$standard_base@DV?$string_output_adapter@D@__crt_stdio_output@@@__crt_stdio_output@@IAE_NAA_J@Z 4001ead0 f i libucrtd:output.obj
 0001:0001db00       ??$extract_argument_from_va_list@E_J@?$standard_base@_WV?$stream_output_adapter@_W@__crt_stdio_output@@@__crt_stdio_output@@IAE_NAA_J@Z 4001eb00 f i libucrtd:output.obj
 0001:0001db30       ??$extract_argument_from_va_list@E_J@?$standard_base@_WV?$string_output_adapter@_W@__crt_stdio_output@@@__crt_stdio_output@@IAE_NAA_J@Z 4001eb30 f i libucrtd:output.obj
 0001:0001db60       ??$extract_argument_from_va_list@F_J@?$positional_parameter_base@DV?$stream_output_adapter@D@__crt_stdio_output@@@__crt_stdio_output@@IAE_NAA_J@Z 4001eb60 f i libucrtd:output.obj
 0001:0001dcc0       ??$extract_argument_from_va_list@F_J@?$positional_parameter_base@DV?$string_output_adapter@D@__crt_stdio_output@@@__crt_stdio_output@@IAE_NAA_J@Z 4001ecc0 f i libucrtd:output.obj
 0001:0001de20       ??$extract_argument_from_va_list@F_J@?$positional_parameter_base@_WV?$stream_output_adapter@_W@__crt_stdio_output@@@__crt_stdio_output@@IAE_NAA_J@Z 4001ee20 f i libucrtd:output.obj
 0001:0001df80       ??$extract_argument_from_va_list@F_J@?$positional_parameter_base@_WV?$string_output_adapter@_W@__crt_stdio_output@@@__crt_stdio_output@@IAE_NAA_J@Z 4001ef80 f i libucrtd:output.obj
 0001:0001e0e0       ??$extract_argument_from_va_list@F_J@?$standard_base@DV?$stream_output_adapter@D@__crt_stdio_output@@@__crt_stdio_output@@IAE_NAA_J@Z 4001f0e0 f i libucrtd:output.obj
 0001:0001e110       ??$extract_argument_from_va_list@F_J@?$standard_base@DV?$string_output_adapter@D@__crt_stdio_output@@@__crt_stdio_output@@IAE_NAA_J@Z 4001f110 f i libucrtd:output.obj
 0001:0001e140       ??$extract_argument_from_va_list@F_J@?$standard_base@_WV?$stream_output_adapter@_W@__crt_stdio_output@@@__crt_stdio_output@@IAE_NAA_J@Z 4001f140 f i libucrtd:output.obj
 0001:0001e170       ??$extract_argument_from_va_list@F_J@?$standard_base@_WV?$string_output_adapter@_W@__crt_stdio_output@@@__crt_stdio_output@@IAE_NAA_J@Z 4001f170 f i libucrtd:output.obj
 0001:0001e1a0       ??$extract_argument_from_va_list@GD@?$positional_parameter_base@DV?$stream_output_adapter@D@__crt_stdio_output@@@__crt_stdio_output@@IAE_NAAD@Z 4001f1a0 f i libucrtd:output.obj
 0001:0001e300       ??$extract_argument_from_va_list@GD@?$positional_parameter_base@DV?$string_output_adapter@D@__crt_stdio_output@@@__crt_stdio_output@@IAE_NAAD@Z 4001f300 f i libucrtd:output.obj
 0001:0001e460       ??$extract_argument_from_va_list@GD@?$standard_base@DV?$stream_output_adapter@D@__crt_stdio_output@@@__crt_stdio_output@@IAE_NAAD@Z 4001f460 f i libucrtd:output.obj
 0001:0001e490       ??$extract_argument_from_va_list@GD@?$standard_base@DV?$string_output_adapter@D@__crt_stdio_output@@@__crt_stdio_output@@IAE_NAAD@Z 4001f490 f i libucrtd:output.obj
 0001:0001e4c0       ??$extract_argument_from_va_list@G_J@?$positional_parameter_base@DV?$stream_output_adapter@D@__crt_stdio_output@@@__crt_stdio_output@@IAE_NAA_J@Z 4001f4c0 f i libucrtd:output.obj
 0001:0001e620       ??$extract_argument_from_va_list@G_J@?$positional_parameter_base@DV?$string_output_adapter@D@__crt_stdio_output@@@__crt_stdio_output@@IAE_NAA_J@Z 4001f620 f i libucrtd:output.obj
 0001:0001e780       ??$extract_argument_from_va_list@G_J@?$positional_parameter_base@_WV?$stream_output_adapter@_W@__crt_stdio_output@@@__crt_stdio_output@@IAE_NAA_J@Z 4001f780 f i libucrtd:output.obj
 0001:0001e8f0       ??$extract_argument_from_va_list@G_J@?$positional_parameter_base@_WV?$string_output_adapter@_W@__crt_stdio_output@@@__crt_stdio_output@@IAE_NAA_J@Z 4001f8f0 f i libucrtd:output.obj
 0001:0001ea60       ??$extract_argument_from_va_list@G_J@?$standard_base@DV?$stream_output_adapter@D@__crt_stdio_output@@@__crt_stdio_output@@IAE_NAA_J@Z 4001fa60 f i libucrtd:output.obj
 0001:0001ea90       ??$extract_argument_from_va_list@G_J@?$standard_base@DV?$string_output_adapter@D@__crt_stdio_output@@@__crt_stdio_output@@IAE_NAA_J@Z 4001fa90 f i libucrtd:output.obj
 0001:0001eac0       ??$extract_argument_from_va_list@G_J@?$standard_base@_WV?$stream_output_adapter@_W@__crt_stdio_output@@@__crt_stdio_output@@IAE_NAA_J@Z 4001fac0 f i libucrtd:output.obj
 0001:0001eaf0       ??$extract_argument_from_va_list@G_J@?$standard_base@_WV?$string_output_adapter@_W@__crt_stdio_output@@@__crt_stdio_output@@IAE_NAA_J@Z 4001faf0 f i libucrtd:output.obj
 0001:0001eb20       ??$extract_argument_from_va_list@H_J@?$positional_parameter_base@DV?$stream_output_adapter@D@__crt_stdio_output@@@__crt_stdio_output@@IAE_NAA_J@Z 4001fb20 f i libucrtd:output.obj
 0001:0001ec80       ??$extract_argument_from_va_list@H_J@?$positional_parameter_base@DV?$string_output_adapter@D@__crt_stdio_output@@@__crt_stdio_output@@IAE_NAA_J@Z 4001fc80 f i libucrtd:output.obj
 0001:0001ede0       ??$extract_argument_from_va_list@H_J@?$positional_parameter_base@_WV?$stream_output_adapter@_W@__crt_stdio_output@@@__crt_stdio_output@@IAE_NAA_J@Z 4001fde0 f i libucrtd:output.obj
 0001:0001ef40       ??$extract_argument_from_va_list@H_J@?$positional_parameter_base@_WV?$string_output_adapter@_W@__crt_stdio_output@@@__crt_stdio_output@@IAE_NAA_J@Z 4001ff40 f i libucrtd:output.obj
 0001:0001f0a0       ??$extract_argument_from_va_list@H_J@?$standard_base@DV?$stream_output_adapter@D@__crt_stdio_output@@@__crt_stdio_output@@IAE_NAA_J@Z 400200a0 f i libucrtd:output.obj
 0001:0001f0d0       ??$extract_argument_from_va_list@H_J@?$standard_base@DV?$string_output_adapter@D@__crt_stdio_output@@@__crt_stdio_output@@IAE_NAA_J@Z 400200d0 f i libucrtd:output.obj
 0001:0001f100       ??$extract_argument_from_va_list@H_J@?$standard_base@_WV?$stream_output_adapter@_W@__crt_stdio_output@@@__crt_stdio_output@@IAE_NAA_J@Z 40020100 f i libucrtd:output.obj
 0001:0001f130       ??$extract_argument_from_va_list@H_J@?$standard_base@_WV?$string_output_adapter@_W@__crt_stdio_output@@@__crt_stdio_output@@IAE_NAA_J@Z 40020130 f i libucrtd:output.obj
 0001:0001f160       ??$extract_argument_from_va_list@I_J@?$positional_parameter_base@DV?$stream_output_adapter@D@__crt_stdio_output@@@__crt_stdio_output@@IAE_NAA_J@Z 40020160 f i libucrtd:output.obj
 0001:0001f2c0       ??$extract_argument_from_va_list@I_J@?$positional_parameter_base@DV?$string_output_adapter@D@__crt_stdio_output@@@__crt_stdio_output@@IAE_NAA_J@Z 400202c0 f i libucrtd:output.obj
 0001:0001f420       ??$extract_argument_from_va_list@I_J@?$positional_parameter_base@_WV?$stream_output_adapter@_W@__crt_stdio_output@@@__crt_stdio_output@@IAE_NAA_J@Z 40020420 f i libucrtd:output.obj
 0001:0001f580       ??$extract_argument_from_va_list@I_J@?$positional_parameter_base@_WV?$string_output_adapter@_W@__crt_stdio_output@@@__crt_stdio_output@@IAE_NAA_J@Z 40020580 f i libucrtd:output.obj
 0001:0001f6e0       ??$extract_argument_from_va_list@I_J@?$standard_base@DV?$stream_output_adapter@D@__crt_stdio_output@@@__crt_stdio_output@@IAE_NAA_J@Z 400206e0 f i libucrtd:output.obj
 0001:0001f710       ??$extract_argument_from_va_list@I_J@?$standard_base@DV?$string_output_adapter@D@__crt_stdio_output@@@__crt_stdio_output@@IAE_NAA_J@Z 40020710 f i libucrtd:output.obj
 0001:0001f740       ??$extract_argument_from_va_list@I_J@?$standard_base@_WV?$stream_output_adapter@_W@__crt_stdio_output@@@__crt_stdio_output@@IAE_NAA_J@Z 40020740 f i libucrtd:output.obj
 0001:0001f770       ??$extract_argument_from_va_list@I_J@?$standard_base@_WV?$string_output_adapter@_W@__crt_stdio_output@@@__crt_stdio_output@@IAE_NAA_J@Z 40020770 f i libucrtd:output.obj
 0001:0001f7a0       ??$extract_argument_from_va_list@PADPAD@?$positional_parameter_base@DV?$stream_output_adapter@D@__crt_stdio_output@@@__crt_stdio_output@@IAE_NAAPAD@Z 400207a0 f i libucrtd:output.obj
[...]
 0002:0001e768       __ehfuncinfo$??$__acrt_lock_and_call@V<lambda_20444eb433c1dc99956710eca1478ffe>@@@@YAXW4__acrt_lock_id@@$$QAV<lambda_20444eb433c1dc99956710eca1478ffe>@@@Z 400ac768     libucrtd:wsetlocale.obj
 0002:0001e790       __sehtable$??$?RV<lambda_e5124f882df8998aaf41531e079ba474>@@AAV<lambda_3e16ef9562a7dcce91392c22ab16ea36>@@V<lambda_e25ca0880e6ef98be67edffd8c599615>@@@?$__crt_seh_guarded_call@X@@QAEX$$QAV<lambda_e5124f882df8998aaf41531e079ba474>@@AAV<lambda_3e16ef9562a7dcce91392c22ab16ea36>@@$$QAV<lambda_e25ca0880e6ef98be67edffd8c599615>@@@Z 400ac790     libucrtd:wsetlocale.obj
 0002:0001e7b0       __sehtable$??$?RV<lambda_82aef432098b982f9ede325b418aa67a>@@AAV<lambda_862e9a3f04921db6ca1ce3faa2bf3edf>@@V<lambda_ffabc152e504b53d7492b9889b10c020>@@@?$__crt_seh_guarded_call@X@@QAEX$$QAV<lambda_82aef432098b982f9ede325b418aa67a>@@AAV<lambda_862e9a3f04921db6ca1ce3faa2bf3edf>@@$$QAV<lambda_ffabc152e504b53d7492b9889b10c020>@@@Z 400ac7b0     libucrtd:wsetlocale.obj
 0002:0001e7d0       __sehtable$??$?RV<lambda_6673f7c4c09a5d469d0c27ae364621ce>@@AAV<lambda_ebab98244f73a74f49db879bf13fa982>@@V<lambda_be20789b7a146653eab82509ec35b419>@@@?$__crt_seh_guarded_call@X@@QAEX$$QAV<lambda_6673f7c4c09a5d469d0c27ae364621ce>@@AAV<lambda_ebab98244f73a74f49db879bf13fa982>@@$$QAV<lambda_be20789b7a146653eab82509ec35b419>@@@Z 400ac7d0     libucrtd:wsetlocale.obj
 0002:0001e7f0       __sehtable$??$?RV<lambda_7b4b06a8abb44a5f3aebea2eff247cc1>@@AAV<lambda_20444eb433c1dc99956710eca1478ffe>@@V<lambda_a6b779a35eaf76ecff0748ab8a4a8377>@@@?$__crt_seh_guarded_call@X@@QAEX$$QAV<lambda_7b4b06a8abb44a5f3aebea2eff247cc1>@@AAV<lambda_20444eb433c1dc99956710eca1478ffe>@@$$QAV<lambda_a6b779a35eaf76ecff0748ab8a4a8377>@@@Z 400ac7f0     libucrtd:wsetlocale.obj
 0002:0001e810       __sehtable$??$?RV<lambda_24a596ee8b480c88da2508bb84a8ddf0>@@AAV<lambda_164d134836840960a2fbc26224095e75>@@AAV<lambda_02db5278e8aef8b5e4976579d73f5304>@@@?$__crt_seh_guarded_call@X@@QAEX$$QAV<lambda_24a596ee8b480c88da2508bb84a8ddf0>@@AAV<lambda_164d134836840960a2fbc26224095e75>@@AAV<lambda_02db5278e8aef8b5e4976579d73f5304>@@@Z 400ac810     libucrtd:wsetlocale.obj
 0002:0001e830       __sehtable$___acrt_initialize_lowio 400ac830     libucrtd:ioinit.obj
 0002:0001e84c       __ehfuncinfo$??1?$__crt_win32_buffer@_WU__crt_win32_buffer_internal_dynamic_resizing@@@@QAE@XZ 400ac84c     libucrtd:argv_wildcards.obj
 0002:0001e870       __ehfuncinfo$??1?$__crt_win32_buffer@DU__crt_win32_buffer_internal_dynamic_resizing@@@@QAE@XZ 400ac870     libucrtd:argv_wildcards.obj
 0002:0001e894       __ehfuncinfo$??$tcspbrk@AAPADAAY02$$CBD@?$__crt_char_traits@D@@SAPADAAPADAAY02$$CBD@Z 400ac894     libucrtd:argv_wildcards.obj
 0002:0001e8b8       __ehfuncinfo$??$expand_argument_wildcards@D@@YAHQAD0AAV?$argument_list@D@?A0x5f5c8891@@@Z 400ac8b8     libucrtd:argv_wildcards.obj
 0002:0001e8dc       __ehfuncinfo$??$tcspbrk@AAPA_WAAY02$$CB_W@?$__crt_char_traits@_W@@SAPA_WAAPA_WAAY02$$CB_W@Z 400ac8dc     libucrtd:argv_wildcards.obj
 0002:0001e900       __ehfuncinfo$??$expand_argument_wildcards@_W@@YAHQA_W0AAV?$argument_list@_W@?A0x5f5c8891@@@Z 400ac900     libucrtd:argv_wildcards.obj
 0002:0001e928       __sehtable$?update_thread_multibyte_data_internal@@YAPAU__crt_multibyte_data@@QAU__acrt_ptd@@QAPAU1@@Z 400ac928     libucrtd:mbctype.obj
 0002:0001e944       __ehfuncinfo$?setmbcp_internal@@YAHH_NQAU__acrt_ptd@@QAPAU__crt_multibyte_data@@@Z 400ac944     libucrtd:mbctype.obj
 0002:0001e968       __ehfuncinfo$??$__acrt_lock_and_call@V<lambda_6c10a39a819b864ce80acc26b314dcd3>@@@@YAXW4__acrt_lock_id@@$$QAV<lambda_6c10a39a819b864ce80acc26b314dcd3>@@@Z 400ac968     libucrtd:mbctype.obj
 0002:0001e990       __sehtable$??$?RV<lambda_b5fb591949065c3fa449bad279e8c939>@@AAV<lambda_6c10a39a819b864ce80acc26b314dcd3>@@V<lambda_e567670a9eae49807d365f3e9c117712>@@@?$__crt_seh_guarded_call@X@@QAEX$$QAV<lambda_b5fb591949065c3fa449bad279e8c939>@@AAV<lambda_6c10a39a819b864ce80acc26b314dcd3>@@$$QAV<lambda_e567670a9eae49807d365f3e9c117712>@@@Z 400ac990     libucrtd:mbctype.obj
 0002:0001e9ac       __ehfuncinfo$??$tcschr@ABQADD@?$__crt_char_traits@D@@SAPADABQAD$$QAD@Z 400ac9ac     libucrtd:setenv.obj
 0002:0001e9d0       __ehfuncinfo$??$tcschr@ABQA_WD@?$__crt_char_traits@_W@@SAPA_WABQA_W$$QAD@Z 400ac9d0     libucrtd:setenv.obj
 0002:0001e9f4       __ehfuncinfo$?try_get_function@@YAPAXW4function_id@?A0x391cf84c@@QBDQBW4module_id@2@2@Z 400ac9f4     libucrtd:winapi_thunks.obj
 0002:0001ea18       __ehfuncinfo$?get_function@@YAPAXW4function_id@?A0x391cf84c@@QBDQBW4module_id@2@2@Z 400aca18     libucrtd:winapi_thunks.obj
 0002:0001ea3c       __ehfuncinfo$??$__acrt_lock_and_call@V<lambda_8f7d3b162ab39427f4fa9995c67a7986>@@@@YAHW4__acrt_lock_id@@$$QAV<lambda_8f7d3b162ab39427f4fa9995c67a7986>@@@Z 400aca3c     libucrtd:winapi_thunks.obj
 0002:0001ea60       __sehtable$??$?RV<lambda_6b4b7855443974f2b4b77000ea21c99c>@@AAV<lambda_8f7d3b162ab39427f4fa9995c67a7986>@@V<lambda_cc9a5ba8a5d8428b9634eab82665e5dc>@@@?$__crt_seh_guarded_call@H@@QAEH$$QAV<lambda_6b4b7855443974f2b4b77000ea21c99c>@@AAV<lambda_8f7d3b162ab39427f4fa9995c67a7986>@@$$QAV<lambda_cc9a5ba8a5d8428b9634eab82665e5dc>@@@Z 400aca60     libucrtd:winapi_thunks.obj
 0002:0001ea80       __sehtable$__set_new_handler 400aca80     libucrtd:new_handler.obj
 0002:0001eaa0       __sehtable$__query_new_handler 400acaa0     libucrtd:new_handler.obj
 0002:0001eabc       __ehfuncinfo$?_mbstowcs_l_helper@@YAIPA_WPBDIAAV__crt_cached_ptd_host@@@Z 400acabc     libucrtd:mbstowcs.obj
 0002:0001eae0       __sehtable$___acrt_update_thread_locale_data 400acae0     libucrtd:locale_refcounting.obj
 0002:0001eb00       __sehtable$__fcloseall     400acb00     libucrtd:closeall.obj
 0002:0001eb1c       __ehfuncinfo$?common_flush_all@@YAH_N@Z 400acb1c     libucrtd:fflush.obj
 0002:0001eb40       __ehfuncinfo$??$__acrt_lock_stream_and_call@V<lambda_39ca0ed439415581b5b15c265174cece>@@@@YAXQAU_iobuf@@$$QAV<lambda_39ca0ed439415581b5b15c265174cece>@@@Z 400acb40     libucrtd:fflush.obj
 0002:0001eb64       __ehfuncinfo$??$__acrt_lock_and_call@V<lambda_ab61a845afdef5b7c387490eaf3616ee>@@@@YAXW4__acrt_lock_id@@$$QAV<lambda_ab61a845afdef5b7c387490eaf3616ee>@@@Z 400acb64     libucrtd:fflush.obj
 0002:0001eb88       __ehfuncinfo$??$__acrt_lock_stream_and_call@V<lambda_9a32fed5bf61b6b509b2d3f6003082a1>@@@@YAHQAU_iobuf@@$$QAV<lambda_9a32fed5bf61b6b509b2d3f6003082a1>@@@Z 400acb88     libucrtd:fflush.obj
 0002:0001ebb0       __sehtable$??$?RV<lambda_2866be3712abc81a800a822484c830d8>@@AAV<lambda_39ca0ed439415581b5b15c265174cece>@@V<lambda_2b24c74d71094a6cd0cb82e44167d71b>@@@?$__crt_seh_guarded_call@X@@QAEX$$QAV<lambda_2866be3712abc81a800a822484c830d8>@@AAV<lambda_39ca0ed439415581b5b15c265174cece>@@$$QAV<lambda_2b24c74d71094a6cd0cb82e44167d71b>@@@Z 400acbb0     libucrtd:fflush.obj
 0002:0001ebd0       __sehtable$??$?RV<lambda_2cc53f568c5a2bb6f192f930a45d44ea>@@AAV<lambda_ab61a845afdef5b7c387490eaf3616ee>@@V<lambda_c2ffc0b7726aa6be21d5f0026187e748>@@@?$__crt_seh_guarded_call@X@@QAEX$$QAV<lambda_2cc53f568c5a2bb6f192f930a45d44ea>@@AAV<lambda_ab61a845afdef5b7c387490eaf3616ee>@@$$QAV<lambda_c2ffc0b7726aa6be21d5f0026187e748>@@@Z 400acbd0     libucrtd:fflush.obj
 0002:0001ebf0       __sehtable$??$?RV<lambda_6d20deecaf4856105ebacbad442d1079>@@AAV<lambda_9a32fed5bf61b6b509b2d3f6003082a1>@@V<lambda_63ea2239ed67c638ddbae41947fdf875>@@@?$__crt_seh_guarded_call@H@@QAEH$$QAV<lambda_6d20deecaf4856105ebacbad442d1079>@@AAV<lambda_9a32fed5bf61b6b509b2d3f6003082a1>@@$$QAV<lambda_63ea2239ed67c638ddbae41947fdf875>@@@Z 400acbf0     libucrtd:fflush.obj
 0002:0001ec10       __sehtable$__open_osfhandle 400acc10     libucrtd:osfinfo.obj
 0002:0001ec30       __sehtable$__alloc_osfhnd  400acc30     libucrtd:osfinfo.obj
 0002:0001ec50       __sehtable$___acrt_lowio_ensure_fh_exists 400acc50     libucrtd:osfinfo.obj
 0002:0001ec6c       __unwindtable$?shortsort@@YAXPAD0IP6AHPBX1@Z@Z 400acc6c     libucrtd:qsort.obj
 0002:0001ec74       __ehfuncinfo$?shortsort@@YAXPAD0IP6AHPBX1@Z@Z 400acc74     libucrtd:qsort.obj
 0002:0001ec98       __ehfuncinfo$?_wcsrtombs_internal@@YAIPADQAPB_WIQAU_Mbstatet@@AAV__crt_cached_ptd_host@@@Z 400acc98     libucrtd:wcrtomb.obj
 0002:0001ecc0       __sehtable$?_fclose_internal@@YAHQAU_iobuf@@AAV__crt_cached_ptd_host@@@Z 400accc0     libucrtd:fclose.obj
 0002:0001ecdc       __ehfuncinfo$??$__acrt_lowio_lock_fh_and_call@V<lambda_3e4146214822e0ea86c47ff907aef2ff>@@@@YAHH$$QAV<lambda_3e4146214822e0ea86c47ff907aef2ff>@@@Z 400accdc     libucrtd:commit.obj
 0002:0001ed00       __sehtable$??$?RV<lambda_e1dfaf57effb6654484ca2d000b99ec4>@@AAV<lambda_3e4146214822e0ea86c47ff907aef2ff>@@V<lambda_e3ed5642f4b2ae976555346d5090d10a>@@@?$__crt_seh_guarded_call@H@@QAEH$$QAV<lambda_e1dfaf57effb6654484ca2d000b99ec4>@@AAV<lambda_3e4146214822e0ea86c47ff907aef2ff>@@$$QAV<lambda_e3ed5642f4b2ae976555346d5090d10a>@@@Z 400acd00     libucrtd:commit.obj
 0002:0001ed20       __sehtable$__write_internal 400acd20     libucrtd:write.obj
 0002:0001ed3c       __ehfuncinfo$?write_double_translated_ansi_nolock@@YA?AUwrite_result@?A0x17268360@@HQBDIAAV__crt_cached_ptd_host@@@Z 400acd3c     libucrtd:write.obj
 0002:0001ed60       __sehtable$??$common_lseek@J@@YAJHJHAAV__crt_cached_ptd_host@@@Z 400acd60     libucrtd:lseek.obj
 0002:0001ed80       __sehtable$??$common_lseek@_J@@YA_JH_JHAAV__crt_cached_ptd_host@@@Z 400acd80     libucrtd:lseek.obj
 0002:0001ed9c       __ehfuncinfo$??$__acrt_lowio_lock_fh_and_call@V<lambda_af29824b49a67d335554598d6cad2be6>@@@@YAHH$$QAV<lambda_af29824b49a67d335554598d6cad2be6>@@@Z 400acd9c     libucrtd:close.obj
 0002:0001edc0       __sehtable$??$?RV<lambda_058b1b65f1e0ad55a9b895a8d8cd0e70>@@AAV<lambda_af29824b49a67d335554598d6cad2be6>@@V<lambda_223406f19d475c1f8b0d2a047ed93656>@@@?$__crt_seh_guarded_call@H@@QAEH$$QAV<lambda_058b1b65f1e0ad55a9b895a8d8cd0e70>@@AAV<lambda_af29824b49a67d335554598d6cad2be6>@@$$QAV<lambda_223406f19d475c1f8b0d2a047ed93656>@@@Z 400acdc0     libucrtd:close.obj
 0002:0001ede0       __sehtable$?__acrt_stdio_allocate_stream@@YA?AV__crt_stdio_stream@@XZ 400acde0     libucrtd:stream.obj
 0002:0001edfc       __ehfuncinfo$??$__acrt_lock_and_call@V<lambda_9e0b6ab72a5b3ae37ad997d08b519f50>@@@@YAGW4__acrt_lock_id@@$$QAV<lambda_9e0b6ab72a5b3ae37ad997d08b519f50>@@@Z 400acdfc     libucrtd:putwch.obj
 0002:0001ee20       __sehtable$??$?RV<lambda_f828341fbe69b7c0d4c527b01f22877f>@@AAV<lambda_9e0b6ab72a5b3ae37ad997d08b519f50>@@V<lambda_f01deac0a8d65d6e0411edf7e0af5775>@@@?$__crt_seh_guarded_call@G@@QAEG$$QAV<lambda_f828341fbe69b7c0d4c527b01f22877f>@@AAV<lambda_9e0b6ab72a5b3ae37ad997d08b519f50>@@$$QAV<lambda_f01deac0a8d65d6e0411edf7e0af5775>@@@Z 400ace20     libucrtd:putwch.obj
 0002:0001ee40       __sehtable$__read          400ace40     libucrtd:read.obj
 0002:0001ee60       __sehtable$___set_fpsr_sse2 400ace60     libucrtd:fpctrl.obj
 0002:0001ee7c       __ehfuncinfo$??$console_output_reopen_and_retry@V<lambda_61c1b8a38cedca4df5fdc542e6ccae6d>@@@@YAHABV<lambda_61c1b8a38cedca4df5fdc542e6ccae6d>@@@Z 400ace7c     libucrtd:initcon.obj
 0002:0001eea0       __sehtable$__IsNonwritableInCurrentImage 400acea0     LIBCMTD:pesect.obj
 0002:0001f702       .idata$6                   400ad702     kernel32:KERNEL32.dll
 0003:00000000       _syscall                   400ae000     ui_syscalls.obj
 0003:000000a0       ?prefix@?1??getDimension@UnDecorator@@AAE?AVDName@@_N@Z@4UStringLiteral@@A 400ae0a0     libvcruntimed:undname.obj
 0003:000000a8       ?__vcrt_flsindex@@3KA      400ae0a8     libvcruntimed:per_thread_data.obj
 0003:000000c0       ?__acrt_current_request_number@@3JA 400ae0c0     libucrtd:debug_heap.obj
 0003:000000fc       ?errno_no_memory@@3HA      400ae0fc     libucrtd:errno.obj
 0003:00000100       ?doserrno_no_memory@@3KA   400ae100     libucrtd:errno.obj
 0003:00000104       ?__acrt_debug_fill_threshold@@3IA 400ae104     libucrtd:debug_fill_threshold.obj
 0003:000001b0       ?__acrt_flsindex@@3KA      400ae1b0     libucrtd:per_thread_data.obj
 0003:000001b4       __ctype_loc_style          400ae1b4     libucrtd:wsetlocale.obj
 0003:000004d8       __mbctypes                 400ae4d8     libucrtd:mbctype.obj
 0003:000005e0       __mbcasemaps               400ae5e0     libucrtd:mbctype.obj
 0003:000006e0       ?__rgctypeflag@@3PADA      400ae6e0     libucrtd:mbctype.obj
 0003:000006e8       ?__rgcode_page_info@@3PAUcode_page_info@@A 400ae6e8     libucrtd:mbctype.obj
 0003:00000950       ?__DAZ_ENABLED@?1??__set_fpsr_sse2@@9@9 400ae950     libucrtd:fpctrl.obj
 0003:00000954       ?__dcrt_lowio_console_output_handle@@3PAXA 400ae954     libucrtd:initcon.obj
 0003:00000a70       ?init@?1??_RTC_InitBase@@9@4_NA 400aea70     LIBCMTD:init.obj
 0003:00000a74       ?__proc_attached@@3HA      400aea74     LIBCMTD:dll_dllmain.obj
 0003:00000a80       ?_RTC_ErrorReportFunc@@3P6AHHPBDH00ZZA 400aea80     LIBCMTD:userapi.obj
 0003:00000a84       ?_RTC_ErrorReportFuncW@@3P6AHHPB_WH00ZZA 400aea84     LIBCMTD:userapi.obj
 0003:00000aa0       ?is_initialized_as_dll@@3_NA 400aeaa0     LIBCMTD:utility.obj
 0003:00000aa1       ?module_local_atexit_table_initialized@@3_NA 400aeaa1     LIBCMTD:utility.obj
 0003:00000aa4       ?module_local_atexit_table@@3U_onexit_table_t@@A 400aeaa4     LIBCMTD:utility.obj
 0003:00000ab0       ?module_local_at_quick_exit_table@@3U_onexit_table_t@@A 400aeab0     LIBCMTD:utility.obj
 0003:00000ac4       ?mspdb@@3PAUHINSTANCE__@@A 400aeac4     LIBCMTD:pdblkup.obj
 0003:00000ac8       ?alreadyTried@?1??GetPdbDll@@YAPAUHINSTANCE__@@XZ@4_NA 400aeac8     LIBCMTD:pdblkup.obj
 0003:00000ac9       ?PDBOK@?1??_RTC_GetSrcLine@@YAHPAEPA_WKPAH1K@Z@4_NA 400aeac9     LIBCMTD:pdblkup.obj
 0003:00000ad8       _GS_ExceptionRecord        400aead8     LIBCMTD:gs_report.obj
 0003:00000b28       _GS_ContextRecord          400aeb28     LIBCMTD:gs_report.obj
 0003:00000df8       ?__vcrt_startup_thread_ptd@@3U__vcrt_ptd@@A 400aedf8     libvcruntimed:per_thread_data.obj
 0003:00000e20       ___vcrt_lock_table         400aee20     libvcruntimed:locks.obj
 0003:00000e38       ___vcrt_locks_initialized  400aee38     libvcruntimed:locks.obj
 0003:00000e3c       ?module_handles@@3PAPAUHINSTANCE__@@A 400aee3c     libvcruntimed:winapi_downlevel.obj
 0003:00000e48       ?function_pointers@@3PAPAXA 400aee48     libvcruntimed:winapi_downlevel.obj
 0003:00000e60       ?c_termination_complete@@3JA 400aee60     libucrtd:exit.obj
 0003:00000e64       ?thread_local_exit_callback_func@@3P6GXPAXK0@ZA 400aee64     libucrtd:exit.obj
 0003:00000e68       ?c_exit_complete@?1???R<lambda_6e4b09c48022b2350581041d5f6b0c4c>@@QBE@XZ@4_NA 400aee68     libucrtd:exit.obj
 0003:00000e70       ?program_name@?1???$common_configure_argv@D@@YAHW4_crt_argv_mode@@@Z@4PADA 400aee70     libucrtd:argv_parsing.obj
 0003:00000f78       ?program_name@?1???$common_configure_argv@_W@@YAHW4_crt_argv_mode@@@Z@4PA_WA 400aef78     libucrtd:argv_parsing.obj
 0003:000011ac       ?__acrt_first_block@@3PAU_CrtMemBlockHeader@@A 400af1ac     libucrtd:debug_heap.obj
 0003:000011b0       ?__acrt_last_block@@3PAU_CrtMemBlockHeader@@A 400af1b0     libucrtd:debug_heap.obj
 0003:000011b4       ?__acrt_total_allocations@@3IA 400af1b4     libucrtd:debug_heap.obj
 0003:000011b8       ?__acrt_current_allocations@@3IA 400af1b8     libucrtd:debug_heap.obj
 0003:000011bc       ?__acrt_max_allocations@@3IA 400af1bc     libucrtd:debug_heap.obj
 0003:000011c0       ?__acrt_check_frequency@@3IA 400af1c0     libucrtd:debug_heap.obj
 0003:000011c4       ?__acrt_check_counter@@3IA 400af1c4     libucrtd:debug_heap.obj
 0003:000011cc       ?heap_validation_pending@@3_NA 400af1cc     libucrtd:debug_heap.obj
 0003:000011d0       ?__acrt_invalid_parameter_handler@@3V?$dual_state_global@P6AXPB_W00II@Z@__crt_state_management@@A 400af1d0     libucrtd:invalid_parameter.obj
 0003:000011e0       ?__acrt_lock_table@@3PAU_RTL_CRITICAL_SECTION@@A 400af1e0     libucrtd:locks.obj
 0003:00001348       ?__acrt_locks_initialized@@3IA 400af348     libucrtd:locks.obj
 0003:0000134c       ?console_ctrl_handler_installed@@3_NA 400af34c     libucrtd:signal.obj
 0003:00001350       ?ctrlc_action@@3V?$dual_state_global@P6AXH@Z@__crt_state_management@@A 400af350     libucrtd:signal.obj
 0003:00001354       ?ctrlbreak_action@@3V?$dual_state_global@P6AXH@Z@__crt_state_management@@A 400af354     libucrtd:signal.obj
 0003:00001358       ?abort_action@@3V?$dual_state_global@P6AXH@Z@__crt_state_management@@A 400af358     libucrtd:signal.obj
 0003:0000135c       ?term_action@@3V?$dual_state_global@P6AXH@Z@__crt_state_management@@A 400af35c     libucrtd:signal.obj
 0003:00001364       ?internal_state@?1??_mbtowc_internal@@9@4U_Mbstatet@@A 400af364     libucrtd:mbtowc.obj
 0003:0000136c       ?internal_pst@?1??__mbrtoc32_utf8@__crt_mbstring@@YAIPA_UPBDIPAU_Mbstatet@@AAV__crt_cached_ptd_host@@@Z@4U3@A 400af36c     libucrtd:mbrtoc32.obj
 0003:00001374       ?internal_pst@?1??__c16rtomb_utf8@__crt_mbstring@@YAIPAD_SPAU_Mbstatet@@AAV__crt_cached_ptd_host@@@Z@4U3@A 400af374     libucrtd:c16rtomb.obj
 0003:0000137c       ?mbst@?1??mbrlen@@9@4U_Mbstatet@@A 400af37c     libucrtd:mbrtowc.obj
 0003:00001384       ?mbst@?1??mbrtowc@@9@4U_Mbstatet@@A 400af384     libucrtd:mbrtowc.obj
 0003:0000138c       ?mbst@?1??_mbsrtowcs_helper@@YAIPA_WPAPBDIPAU_Mbstatet@@AAV__crt_cached_ptd_host@@@Z@4U2@A 400af38c     libucrtd:mbrtowc.obj
 0003:000013a0       ?enable_percent_n@@3IA     400af3a0     libucrtd:printf_count_output.obj
 0003:000015bc       ?state_cache@?1???$get_cached_win_policy@Ubegin_thread_init_policy_properties@?1??__acrt_get_begin_thread_init_policy@@YA?AW4begin_thread_init_policy@@XZ@@@YA?AW4begin_thread_init_policy@@W4AppPolicyThreadInitializationType@@@Z@4JA 400af5bc     libucrtd:win_policies.obj
 0003:000015c0       ?state_cache@?1???$get_cached_win_policy@Udeveloper_information_policy_properties@?1??__acrt_get_developer_information_policy@@YA?AW4developer_information_policy@@XZ@@@YA?AW4developer_information_policy@@W4AppPolicyShowDeveloperDiagnostic@@@Z@4JA 400af5c0     libucrtd:win_policies.obj
 0003:000015c4       ?state_cache@?1???$get_cached_win_policy@Uwindowing_model_policy_properties@?1??__acrt_get_windowing_model_policy@@YA?AW4windowing_model_policy@@XZ@@@YA?AW4windowing_model_policy@@W4AppPolicyWindowingModel@@@Z@4JA 400af5c4     libucrtd:win_policies.obj
 0003:000015d4       ?fSystemSet@@3HA           400af5d4     libucrtd:mbctype.obj
 0003:000015d8       ?initialized@?1??__acrt_initialize_multibyte@@9@4_NA 400af5d8     libucrtd:mbctype.obj
 0003:000015f8       ?module_handles@@3PAPAUHINSTANCE__@@A 400af5f8     libucrtd:winapi_thunks.obj
 0003:00001654       ?static_enum_proc@?1??enum_system_locales_ex_nolock@@YAHQ6GHPA_WKJ@Z@Z@4P6GH0KJ@ZA 400af654     libucrtd:winapi_thunks.obj
 0003:0000165c       ?__acrt_new_handler@@3V?$dual_state_global@P6AHI@Z@__crt_state_management@@A 400af65c     libucrtd:new_handler.obj
 0003:00001660       ?user_matherr@@3V?$dual_state_global@P6AHPAU_exception@@@Z@__crt_state_management@@A 400af660     libucrtd:matherr.obj
 0003:00001664       ?__acrt_global_new_mode@@3V?$dual_state_global@J@__crt_state_management@@A 400af664     libucrtd:new_mode.obj
 0003:00001668       ?__acrt_app_type@@3W4_crt_app_type@@A 400af668     libucrtd:report_runtime_error.obj
 0003:00001670       ?outmsg@?9??__acrt_report_runtime_error@@9@4PA_WA 400af670     libucrtd:report_runtime_error.obj
 0003:00001ca0       ___acrt_error_mode         400afca0     libucrtd:set_error_mode.obj
 0003:00001ca4       ?local_state@?7??_wcrtomb_internal@@YAHQAHQADI_WQAU_Mbstatet@@AAV__crt_cached_ptd_host@@@Z@4U2@A 400afca4     libucrtd:wcrtomb.obj
 0003:00001cac       __pmatherr_set             400afcac     libucrtd:libm_error.obj
 0004:00000000       ?function_pointers@@3PAPAXA 400b0000     libucrtd:winapi_thunks.obj
 0005:00000060       $R000000                   400b1060     * linker generated manifest res *
